cli 3.6.2: * DONE (cli)
rlang 1.1.7: * DONE (rlang)
glue 1.6.2: * DONE (glue)
lifecycle 1.0.5: * DONE (lifecycle)
vctrs 0.7.1: * DONE (vctrs)
blob 1.3.0: * DONE (blob)
DBI 1.3.0: * DONE (DBI)
generics 0.1.4: * DONE (generics)
magrittr 2.0.5: * DONE (magrittr)
utf8 1.2.6: * DONE (utf8)
pillar 1.11.1: * DONE (pillar)
R6 2.6.1: * DONE (R6)
pkgconfig 2.0.3: * DONE (pkgconfig)
tibble 3.3.1: * DONE (tibble)
withr 3.0.3: * DONE (withr)
tidyselect 1.2.1: * DONE (tidyselect)
dplyr 1.2.0: * DONE (dplyr)
purrr 1.2.2: * DONE (purrr)
stringi 1.8.9: * DONE (stringi)
stringr 1.6.0: * DONE (stringr)
cpp11 0.5.5: * DONE (cpp11)
tidyr 1.3.2: * DONE (tidyr)
dbplyr 2.6.0: * DONE (dbplyr)
marginplyr 0.1.0: * DONE (marginplyr)
bit 4.6.0: * DONE (bit)
bit64 4.8.6: * DONE (bit64)
fastmap 1.2.0: * DONE (fastmap)
cachem 1.1.0: * DONE (cachem)
memoise 2.0.1: * DONE (memoise)
RSQLite 3.53.3: * DONE (RSQLite)
