source_commit=b0a1fa6c77ae8a691c179f7bfd0d73da54325ae0
source_tarball=/private/tmp/marginplyr-minver-kalaij/artifacts/marginplyr_0.1.0.tar.gz
source_sha256=6ac5800bc60c5edddfb6de1a752f32aeaa8d00abe5e369e215593bb5b2746ba0
R=/private/tmp/marginplyr-744/R41
case_lib=/private/tmp/marginplyr-744/lib-r41
R_version=4.1.3
libPaths=/private/tmp/marginplyr-744/lib-r41|/private/tmp/marginplyr-744/pkg-expanded/R-fw.pkg/Payload/R.framework/Versions/4.1-arm64/Resources/library
* installing *source* package ‘marginplyr’ ...
** using staged installation
** R
** data
*** moving datasets to lazyload DB
** inst
** byte-compile and prepare package for lazy loading
** help
*** installing help indices
** building package indices
** installing vignettes
** testing if installed package can be loaded from temporary location
** testing if installed package can be loaded from final location
** testing if installed package keeps a record of temporary installation path
* DONE (marginplyr)
installed_version=0.1.0
loaded_path=/private/tmp/marginplyr-744/lib-r41/marginplyr
built=R 4.1.3; ; 2026-09-29 14:44:33 UTC; unix
