C01-comparator PASS
/Volumes/Temp/tmp/RtmpkxX6uE/R.INSTALL12c473d9025d6/arrow/tools/cpp/src/arrow/util/cpu_info.cc:181: IOError: sysctlbyname failed for 'hw.l1dcachesize'. Detail: [errno 1] Operation not permitted
/Volumes/Temp/tmp/RtmpkxX6uE/R.INSTALL12c473d9025d6/arrow/tools/cpp/src/arrow/util/cpu_info.cc:181: IOError: sysctlbyname failed for 'hw.l2cachesize'. Detail: [errno 1] Operation not permitted
/Volumes/Temp/tmp/RtmpkxX6uE/R.INSTALL12c473d9025d6/arrow/tools/cpp/src/arrow/util/cpu_info.cc:181: IOError: sysctlbyname failed for 'hw.l3cachesize'. Detail: [errno 1] Operation not permitted
C02-installed-basic PASS
W3-query-pair-orders PASS
W10-result-print PASS
W2-spec-set PASS
W2-spec-rollup PASS
W2-spec-cube PASS
W2-spec-sets PASS
W2-spec-product PASS
W1-forward PASS
W1-splice-quosure PASS
W1-default-null PASS
W4-contextual PASS
W4-shadow-contextual PASS
W1-fixed-keys PASS
W4-selection PASS
W5-verb-summary PASS
W5-verb-expand PASS
W9-arrow-dataset PASS
W10-spec-print PASS
