C01-comparator PASS
C02-installed-basic PASS
C03-lexical-delayed PASS
C05-no-early-summary PASS
W3-query-pair-orders PASS
W10-result-print PASS
W2-spec-set PASS
W2-spec-rollup PASS
W2-spec-cube PASS
W2-spec-sets PASS
W2-spec-product PASS
W1-forward PASS
W1-splice-quosure PASS
W1-default-null PASS
W4-contextual PASS
W4-shadow-contextual PASS
W1-fixed-keys PASS
W4-selection PASS
W5-verb-summary PASS
W5-verb-expand PASS
W5-verb-nest PASS
W5-verb-nest_by PASS
W5-factor-FALSE-summary PASS
W5-factor-FALSE-expand PASS
W5-factor-FALSE-nest PASS
W5-factor-FALSE-nest_by PASS
W5-factor-TRUE-summary PASS
W5-factor-TRUE-expand PASS
W5-factor-TRUE-nest PASS
W5-factor-TRUE-nest_by PASS
W3-quosure-caller PASS
W10-spec-print PASS
