duckdb is storing downloaded extensions and secrets under ~/.duckdb:
ℹ /Users/sayuks/.duckdb
This persists across sessions and is shared with the DuckDB CLI and other clients.
ℹ Run duckdb(shared_home = FALSE) to use a temporary directory instead.
ℹ See ?duckdb_storage for details and alternatives.
C01-comparator PASS
C02-installed-basic PASS
W2-spec-set PASS
W2-spec-rollup PASS
W2-spec-cube PASS
W2-spec-sets PASS
W2-spec-product PASS
W1-forward PASS
W1-splice-quosure PASS
W1-default-null PASS
W4-contextual PASS
W4-selection PASS
W5-verb-summary PASS
W5-verb-expand PASS
W7-native-portable PASS
duckdb is storing downloaded extensions and secrets under ~/.duckdb:
ℹ /Users/sayuks/.duckdb
This persists across sessions and is shared with the DuckDB CLI and other clients.
ℹ Run duckdb(shared_home = FALSE) to use a temporary directory instead.
ℹ See ?duckdb_storage for details and alternatives.
W6-finite-typed PASS
W10-audit-print PASS
duckdb is storing downloaded extensions and secrets under ~/.duckdb:
ℹ /Users/sayuks/.duckdb
This persists across sessions and is shared with the DuckDB CLI and other clients.
ℹ Run duckdb(shared_home = FALSE) to use a temporary directory instead.
ℹ See ?duckdb_storage for details and alternatives.
W8-duckdb-env-compute PASS
W10-spec-print PASS
