plan OK
  rows: 3 columns: set_id,fixed,included,omitted,grouping_bits,grouping_id
# A tibble: 3 × 6
  set_id fixed     included  omitted   grouping_bits grouping_id
   <int> <list>    <list>    <list>    <list>              <int>
1      1 <chr [0]> <chr [2]> <chr [0]> <int [2]>               0
2      2 <chr [0]> <chr [1]> <chr [1]> <int [2]>               1
3      3 <chr [0]> <chr [0]> <chr [2]> <int [2]>               3
  types: integer,list,list,list,list,integer
summary OK
  rows: 6 columns: region,store,set_id,total
  region store set_id total
1      A     x      1     2
2      A     y      1     3
3      A Total      2     5
4      B     x      1     5
5      B Total      2     5
6  Total Total      3    10
  types: character,character,integer,integer
shares OK
  rows: 6 columns: region,store,set_id,total,parent,grand
  region store set_id total parent grand
1      A     x      1     2    0.4   0.2
2      A     y      1     3    0.6   0.3
3      A Total      2     5    0.5   0.5
4      B     x      1     5    1.0   0.5
5      B Total      2     5    0.5   0.5
6  Total Total      3    10    1.0   1.0
  types: character,character,integer,integer,double,double
no_grand_total ERROR
  class: marginplyr_error,rlang_error,error,condition
  message: `share_of_total()` requires `.grouping` to produce the Grand total set, in which every grouping dimension is omitted.
ℹ `rollup()` and `cube()` always produce it.
ℹ Add an empty `grouping_set()` to the `grouping_sets()` specification, or omit the Total share.
sqlite_collect OK
  rows: 6 columns: region,store,set_id,total
  region store set_id total
1      A     x      1     2
2      A     y      1     3
3      A Total      2     5
4      B     x      1     5
5      B Total      2     5
6  Total Total      3    10
  types: character,character,integer,integer
  warnings: Missing values are always removed in SQL aggregation functions.
Use `na.rm = TRUE` to silence this warning
This warning is displayed once every 8 hours.
sqlite_compute OK
  rows: 6 columns: region,store,set_id,total
# A tibble: 6 × 4
  region store set_id total
  <chr>  <chr>  <int> <int>
1 A      x          1     2
2 A      y          1     3
3 A      Total      2     5
4 B      x          1     5
5 B      Total      2     5
6 Total  Total      3    10
  types: character,character,integer,integer
