ENVIRONMENT
R version 4.6.1 (2026-06-24)
Platform: aarch64-apple-darwin23
Running under: macOS Tahoe 26.6.2

Matrix products: default
BLAS:   /Library/Frameworks/R.framework/Versions/4.6/Resources/lib/libRblas.0.dylib 
LAPACK: /Library/Frameworks/R.framework/Versions/4.6/Resources/lib/libRlapack.dylib;  LAPACK version 3.12.1

locale:
[1] C.UTF-8/C.UTF-8/C.UTF-8/C/C.UTF-8/C.UTF-8

time zone: Asia/Tokyo
tzcode source: internal

attached base packages:
[1] stats     graphics  grDevices utils     datasets  methods   base     

other attached packages:
[1] dplyr_1.2.1      marginplyr_0.1.0 testthat_3.3.2  

loaded via a namespace (and not attached):
 [1] desc_1.4.3       R6_2.6.1         tidyselect_1.2.1 magrittr_2.0.5  
 [5] glue_1.8.1       tibble_3.3.1     pkgconfig_2.0.3  generics_0.1.4  
 [9] lifecycle_1.0.5  cli_3.6.6        vctrs_0.7.3      withr_3.0.3     
[13] pkgload_1.5.3    compiler_4.6.1   rprojroot_2.1.1  tools_4.6.1     
[17] pkgbuild_1.4.8   brio_1.1.5       pillar_1.11.1    otel_0.2.0      
[21] rlang_1.3.0      dbplyr_2.6.0    
CASE 661 none schema analyze FALSE overwrite FALSE 
FAIL Can't copy query to table `other`.`report`.
Caused by error in `dbplyr_create_index()`:
! Can't create index on table `other`.`report`.
ℹ Using SQL: CREATE INDEX `report_g` ON `other`.`report` (`g`)
Caused by error:
! near ".": syntax error 
CASE 661 none schema analyze FALSE overwrite TRUE 
FAIL Can't copy query to table `other`.`report`.
Caused by error in `dbplyr_create_index()`:
! Can't create index on table `other`.`report`.
ℹ Using SQL: CREATE INDEX `report_g` ON `other`.`report` (`g`)
Caused by error:
! near ".": syntax error 
CASE 661 none schema analyze TRUE overwrite FALSE 
FAIL Can't copy query to table `other`.`report`.
Caused by error in `dbplyr_create_index()`:
! Can't create index on table `other`.`report`.
ℹ Using SQL: CREATE INDEX `report_g` ON `other`.`report` (`g`)
Caused by error:
! near ".": syntax error 
CASE 661 none schema analyze TRUE overwrite TRUE 
FAIL Can't copy query to table `other`.`report`.
Caused by error in `dbplyr_create_index()`:
! Can't create index on table `other`.`report`.
ℹ Using SQL: CREATE INDEX `report_g` ON `other`.`report` (`g`)
Caused by error:
! near ".": syntax error 
CASE 661 none DBI analyze FALSE overwrite FALSE 
FAIL Can't copy query to table `other`.`report`.
Caused by error in `dbplyr_create_index()`:
! Can't create index on table `other`.`report`.
ℹ Using SQL: CREATE INDEX `report_g` ON `other`.`report` (`g`)
Caused by error:
! near ".": syntax error 
CASE 661 none DBI analyze FALSE overwrite TRUE 
FAIL Can't copy query to table `other`.`report`.
Caused by error in `dbplyr_create_index()`:
! Can't create index on table `other`.`report`.
ℹ Using SQL: CREATE INDEX `report_g` ON `other`.`report` (`g`)
Caused by error:
! near ".": syntax error 
CASE 661 none DBI analyze TRUE overwrite FALSE 
FAIL Can't copy query to table `other`.`report`.
Caused by error in `dbplyr_create_index()`:
! Can't create index on table `other`.`report`.
ℹ Using SQL: CREATE INDEX `report_g` ON `other`.`report` (`g`)
Caused by error:
! near ".": syntax error 
CASE 661 none DBI analyze TRUE overwrite TRUE 
FAIL Can't copy query to table `other`.`report`.
Caused by error in `dbplyr_create_index()`:
! Can't create index on table `other`.`report`.
ℹ Using SQL: CREATE INDEX `report_g` ON `other`.`report` (`g`)
Caused by error:
! near ".": syntax error 
CASE 661 first schema analyze FALSE overwrite FALSE 
FAIL Can't copy query to table `other`.`report`.
Caused by error in `dbplyr_create_index()`:
! Can't create index on table `other`.`report`.
ℹ Using SQL: CREATE INDEX `report_g` ON `other`.`report` (`g`)
Caused by error:
! near ".": syntax error 
CASE 661 first schema analyze FALSE overwrite TRUE 
FAIL Can't copy query to table `other`.`report`.
Caused by error in `dbplyr_create_index()`:
! Can't create index on table `other`.`report`.
ℹ Using SQL: CREATE INDEX `report_g` ON `other`.`report` (`g`)
Caused by error:
! near ".": syntax error 
CASE 661 first schema analyze TRUE overwrite FALSE 
FAIL Can't copy query to table `other`.`report`.
Caused by error in `dbplyr_create_index()`:
! Can't create index on table `other`.`report`.
ℹ Using SQL: CREATE INDEX `report_g` ON `other`.`report` (`g`)
Caused by error:
! near ".": syntax error 
CASE 661 first schema analyze TRUE overwrite TRUE 
FAIL Can't copy query to table `other`.`report`.
Caused by error in `dbplyr_create_index()`:
! Can't create index on table `other`.`report`.
ℹ Using SQL: CREATE INDEX `report_g` ON `other`.`report` (`g`)
Caused by error:
! near ".": syntax error 
CASE 661 first DBI analyze FALSE overwrite FALSE 
FAIL Can't copy query to table `other`.`report`.
Caused by error in `dbplyr_create_index()`:
! Can't create index on table `other`.`report`.
ℹ Using SQL: CREATE INDEX `report_g` ON `other`.`report` (`g`)
Caused by error:
! near ".": syntax error 
CASE 661 first DBI analyze FALSE overwrite TRUE 
FAIL Can't copy query to table `other`.`report`.
Caused by error in `dbplyr_create_index()`:
! Can't create index on table `other`.`report`.
ℹ Using SQL: CREATE INDEX `report_g` ON `other`.`report` (`g`)
Caused by error:
! near ".": syntax error 
CASE 661 first DBI analyze TRUE overwrite FALSE 
FAIL Can't copy query to table `other`.`report`.
Caused by error in `dbplyr_create_index()`:
! Can't create index on table `other`.`report`.
ℹ Using SQL: CREATE INDEX `report_g` ON `other`.`report` (`g`)
Caused by error:
! near ".": syntax error 
CASE 661 first DBI analyze TRUE overwrite TRUE 
FAIL Can't copy query to table `other`.`report`.
Caused by error in `dbplyr_create_index()`:
! Can't create index on table `other`.`report`.
ℹ Using SQL: CREATE INDEX `report_g` ON `other`.`report` (`g`)
Caused by error:
! near ".": syntax error 
CASE 661 last schema analyze FALSE overwrite FALSE 
FAIL Can't copy query to table `other`.`report`.
Caused by error in `dbplyr_create_index()`:
! Can't create index on table `other`.`report`.
ℹ Using SQL: CREATE INDEX `report_g` ON `other`.`report` (`g`)
Caused by error:
! near ".": syntax error 
CASE 661 last schema analyze FALSE overwrite TRUE 
FAIL Can't copy query to table `other`.`report`.
Caused by error in `dbplyr_create_index()`:
! Can't create index on table `other`.`report`.
ℹ Using SQL: CREATE INDEX `report_g` ON `other`.`report` (`g`)
Caused by error:
! near ".": syntax error 
CASE 661 last schema analyze TRUE overwrite FALSE 
FAIL Can't copy query to table `other`.`report`.
Caused by error in `dbplyr_create_index()`:
! Can't create index on table `other`.`report`.
ℹ Using SQL: CREATE INDEX `report_g` ON `other`.`report` (`g`)
Caused by error:
! near ".": syntax error 
CASE 661 last schema analyze TRUE overwrite TRUE 
FAIL Can't copy query to table `other`.`report`.
Caused by error in `dbplyr_create_index()`:
! Can't create index on table `other`.`report`.
ℹ Using SQL: CREATE INDEX `report_g` ON `other`.`report` (`g`)
Caused by error:
! near ".": syntax error 
CASE 661 last DBI analyze FALSE overwrite FALSE 
FAIL Can't copy query to table `other`.`report`.
Caused by error in `dbplyr_create_index()`:
! Can't create index on table `other`.`report`.
ℹ Using SQL: CREATE INDEX `report_g` ON `other`.`report` (`g`)
Caused by error:
! near ".": syntax error 
CASE 661 last DBI analyze FALSE overwrite TRUE 
FAIL Can't copy query to table `other`.`report`.
Caused by error in `dbplyr_create_index()`:
! Can't create index on table `other`.`report`.
ℹ Using SQL: CREATE INDEX `report_g` ON `other`.`report` (`g`)
Caused by error:
! near ".": syntax error 
CASE 661 last DBI analyze TRUE overwrite FALSE 
FAIL Can't copy query to table `other`.`report`.
Caused by error in `dbplyr_create_index()`:
! Can't create index on table `other`.`report`.
ℹ Using SQL: CREATE INDEX `report_g` ON `other`.`report` (`g`)
Caused by error:
! near ".": syntax error 
CASE 661 last DBI analyze TRUE overwrite TRUE 
FAIL Can't copy query to table `other`.`report`.
Caused by error in `dbplyr_create_index()`:
! Can't create index on table `other`.`report`.
ℹ Using SQL: CREATE INDEX `report_g` ON `other`.`report` (`g`)
Caused by error:
! near ".": syntax error 
CASE 662 none caller FALSE in_transaction FALSE failure FALSE 
PASS 
CASE 662 none caller FALSE in_transaction FALSE failure TRUE 
PASS 
CASE 662 none caller FALSE in_transaction TRUE failure FALSE 
PASS 
CASE 662 none caller FALSE in_transaction TRUE failure TRUE 
PASS 
CASE 662 none caller TRUE in_transaction FALSE failure FALSE 
PASS 
CASE 662 none caller TRUE in_transaction FALSE failure TRUE 
PASS 
CASE 662 none caller TRUE in_transaction TRUE failure FALSE 
PASS 
CASE 662 none caller TRUE in_transaction TRUE failure TRUE 
PASS 
CASE 662 last caller FALSE in_transaction FALSE failure FALSE 
FAIL identical(collect(m), expected) is not TRUE 
CASE 662 last caller FALSE in_transaction FALSE failure TRUE 
FAIL identical(collect(m), expected) is not TRUE 
CASE 662 last caller FALSE in_transaction TRUE failure FALSE 
FAIL identical(collect(m), expected) is not TRUE 
CASE 662 last caller FALSE in_transaction TRUE failure TRUE 
FAIL identical(collect(m), expected) is not TRUE 
CASE 662 last caller TRUE in_transaction FALSE failure FALSE 
FAIL identical(collect(m), expected) is not TRUE 
CASE 662 last caller TRUE in_transaction FALSE failure TRUE 
FAIL identical(collect(m), expected) is not TRUE 
CASE 662 last caller TRUE in_transaction TRUE failure FALSE 
FAIL identical(collect(m), expected) is not TRUE 
CASE 662 last caller TRUE in_transaction TRUE failure TRUE 
FAIL identical(collect(m), expected) is not TRUE 
CASE 663 downstream first 
FAIL identical(collect(m), expected) is not TRUE 
CASE overwrite source first 
FAIL identical(collect(m), expected) is not TRUE 
CASE 663 downstream last 
FAIL identical(collect(m), expected) is not TRUE 
CASE overwrite source last 
FAIL identical(collect(m), expected) is not TRUE 
CASE 665 none Total explicit FALSE 
FAIL identical(names(out), c("x", "set")) is not TRUE 
CASE 665 none Total explicit TRUE 
PASS 
CASE 665 none NULL explicit FALSE 
FAIL identical(names(out), c("x", "set")) is not TRUE 
CASE 665 none NULL explicit TRUE 
PASS 
CASE 665 none NA explicit FALSE 
FAIL identical(names(out), c("x", "set")) is not TRUE 
CASE 665 none NA explicit TRUE 
PASS 
CASE 665 first Total explicit FALSE 
FAIL identical(names(out), c("x", "set")) is not TRUE 
CASE 665 first Total explicit TRUE 
PASS 
CASE 665 first NULL explicit FALSE 
FAIL identical(names(out), c("x", "set")) is not TRUE 
CASE 665 first NULL explicit TRUE 
PASS 
CASE 665 first NA explicit FALSE 
FAIL identical(names(out), c("x", "set")) is not TRUE 
CASE 665 first NA explicit TRUE 
PASS 
CASE 665 last Total explicit FALSE 
FAIL identical(names(out), c("x", "set")) is not TRUE 
CASE 665 last Total explicit TRUE 
PASS 
CASE 665 last NULL explicit FALSE 
FAIL identical(names(out), c("x", "set")) is not TRUE 
CASE 665 last NULL explicit TRUE 
PASS 
CASE 665 last NA explicit FALSE 
FAIL identical(names(out), c("x", "set")) is not TRUE 
CASE 665 last NA explicit TRUE 
PASS 
CASE 666 none Total sum 
FAIL identical(out, head(full, n = if (is.finite(n)) n else nrow(full))) is not TRUE 
CASE 666 none Total mean 
FAIL identical(out, head(full, n = if (is.finite(n)) n else nrow(full))) is not TRUE 
CASE 666 none NULL sum 
FAIL identical(out, head(full, n = if (is.finite(n)) n else nrow(full))) is not TRUE 
CASE 666 none NULL mean 
FAIL identical(out, head(full, n = if (is.finite(n)) n else nrow(full))) is not TRUE 
CASE 666 first Total sum 
FAIL identical(collect(m), full) is not TRUE 
CASE 666 first Total mean 
FAIL identical(collect(m), full) is not TRUE 
CASE 666 first NULL sum 
FAIL identical(collect(m), full) is not TRUE 
CASE 666 first NULL mean 
FAIL identical(collect(m), full) is not TRUE 
CASE 666 last Total sum 
FAIL identical(collect(m), full) is not TRUE 
CASE 666 last Total mean 
FAIL identical(collect(m), full) is not TRUE 
CASE 666 last NULL sum 
FAIL identical(collect(m), full) is not TRUE 
CASE 666 last NULL mean 
FAIL identical(collect(m), full) is not TRUE 
CASE 666 original missing numerator 
PASS 
CASE all rowid aliases remain refused before materialization 
PASS 
CASE audit result remains exact direct SQL; compute adds no audit rows 
PASS 
                                                              case
                     661 none schema analyze FALSE overwrite FALSE
                      661 none schema analyze FALSE overwrite TRUE
                      661 none schema analyze TRUE overwrite FALSE
                       661 none schema analyze TRUE overwrite TRUE
                        661 none DBI analyze FALSE overwrite FALSE
                         661 none DBI analyze FALSE overwrite TRUE
                         661 none DBI analyze TRUE overwrite FALSE
                          661 none DBI analyze TRUE overwrite TRUE
                    661 first schema analyze FALSE overwrite FALSE
                     661 first schema analyze FALSE overwrite TRUE
                     661 first schema analyze TRUE overwrite FALSE
                      661 first schema analyze TRUE overwrite TRUE
                       661 first DBI analyze FALSE overwrite FALSE
                        661 first DBI analyze FALSE overwrite TRUE
                        661 first DBI analyze TRUE overwrite FALSE
                         661 first DBI analyze TRUE overwrite TRUE
                     661 last schema analyze FALSE overwrite FALSE
                      661 last schema analyze FALSE overwrite TRUE
                      661 last schema analyze TRUE overwrite FALSE
                       661 last schema analyze TRUE overwrite TRUE
                        661 last DBI analyze FALSE overwrite FALSE
                         661 last DBI analyze FALSE overwrite TRUE
                         661 last DBI analyze TRUE overwrite FALSE
                          661 last DBI analyze TRUE overwrite TRUE
          662 none caller FALSE in_transaction FALSE failure FALSE
           662 none caller FALSE in_transaction FALSE failure TRUE
           662 none caller FALSE in_transaction TRUE failure FALSE
            662 none caller FALSE in_transaction TRUE failure TRUE
           662 none caller TRUE in_transaction FALSE failure FALSE
            662 none caller TRUE in_transaction FALSE failure TRUE
            662 none caller TRUE in_transaction TRUE failure FALSE
             662 none caller TRUE in_transaction TRUE failure TRUE
          662 last caller FALSE in_transaction FALSE failure FALSE
           662 last caller FALSE in_transaction FALSE failure TRUE
           662 last caller FALSE in_transaction TRUE failure FALSE
            662 last caller FALSE in_transaction TRUE failure TRUE
           662 last caller TRUE in_transaction FALSE failure FALSE
            662 last caller TRUE in_transaction FALSE failure TRUE
            662 last caller TRUE in_transaction TRUE failure FALSE
             662 last caller TRUE in_transaction TRUE failure TRUE
                                              663 downstream first
                                            overwrite source first
                                               663 downstream last
                                             overwrite source last
                                     665 none Total explicit FALSE
                                      665 none Total explicit TRUE
                                      665 none NULL explicit FALSE
                                       665 none NULL explicit TRUE
                                        665 none NA explicit FALSE
                                         665 none NA explicit TRUE
                                    665 first Total explicit FALSE
                                     665 first Total explicit TRUE
                                     665 first NULL explicit FALSE
                                      665 first NULL explicit TRUE
                                       665 first NA explicit FALSE
                                        665 first NA explicit TRUE
                                     665 last Total explicit FALSE
                                      665 last Total explicit TRUE
                                      665 last NULL explicit FALSE
                                       665 last NULL explicit TRUE
                                        665 last NA explicit FALSE
                                         665 last NA explicit TRUE
                                                666 none Total sum
                                               666 none Total mean
                                                 666 none NULL sum
                                                666 none NULL mean
                                               666 first Total sum
                                              666 first Total mean
                                                666 first NULL sum
                                               666 first NULL mean
                                                666 last Total sum
                                               666 last Total mean
                                                 666 last NULL sum
                                                666 last NULL mean
                                    666 original missing numerator
           all rowid aliases remain refused before materialization
 audit result remains exact direct SQL; compute adds no audit rows
                                                                                                                                                                                                                                                     result
 FAIL Can't copy query to table `other`.`report`.\nCaused by error in `dbplyr_create_index()`:\n! Can't create index on table `other`.`report`.\nℹ Using SQL: CREATE INDEX `report_g` ON `other`.`report` (`g`)\nCaused by error:\n! near ".": syntax error
 FAIL Can't copy query to table `other`.`report`.\nCaused by error in `dbplyr_create_index()`:\n! Can't create index on table `other`.`report`.\nℹ Using SQL: CREATE INDEX `report_g` ON `other`.`report` (`g`)\nCaused by error:\n! near ".": syntax error
 FAIL Can't copy query to table `other`.`report`.\nCaused by error in `dbplyr_create_index()`:\n! Can't create index on table `other`.`report`.\nℹ Using SQL: CREATE INDEX `report_g` ON `other`.`report` (`g`)\nCaused by error:\n! near ".": syntax error
 FAIL Can't copy query to table `other`.`report`.\nCaused by error in `dbplyr_create_index()`:\n! Can't create index on table `other`.`report`.\nℹ Using SQL: CREATE INDEX `report_g` ON `other`.`report` (`g`)\nCaused by error:\n! near ".": syntax error
 FAIL Can't copy query to table `other`.`report`.\nCaused by error in `dbplyr_create_index()`:\n! Can't create index on table `other`.`report`.\nℹ Using SQL: CREATE INDEX `report_g` ON `other`.`report` (`g`)\nCaused by error:\n! near ".": syntax error
 FAIL Can't copy query to table `other`.`report`.\nCaused by error in `dbplyr_create_index()`:\n! Can't create index on table `other`.`report`.\nℹ Using SQL: CREATE INDEX `report_g` ON `other`.`report` (`g`)\nCaused by error:\n! near ".": syntax error
 FAIL Can't copy query to table `other`.`report`.\nCaused by error in `dbplyr_create_index()`:\n! Can't create index on table `other`.`report`.\nℹ Using SQL: CREATE INDEX `report_g` ON `other`.`report` (`g`)\nCaused by error:\n! near ".": syntax error
 FAIL Can't copy query to table `other`.`report`.\nCaused by error in `dbplyr_create_index()`:\n! Can't create index on table `other`.`report`.\nℹ Using SQL: CREATE INDEX `report_g` ON `other`.`report` (`g`)\nCaused by error:\n! near ".": syntax error
 FAIL Can't copy query to table `other`.`report`.\nCaused by error in `dbplyr_create_index()`:\n! Can't create index on table `other`.`report`.\nℹ Using SQL: CREATE INDEX `report_g` ON `other`.`report` (`g`)\nCaused by error:\n! near ".": syntax error
 FAIL Can't copy query to table `other`.`report`.\nCaused by error in `dbplyr_create_index()`:\n! Can't create index on table `other`.`report`.\nℹ Using SQL: CREATE INDEX `report_g` ON `other`.`report` (`g`)\nCaused by error:\n! near ".": syntax error
 FAIL Can't copy query to table `other`.`report`.\nCaused by error in `dbplyr_create_index()`:\n! Can't create index on table `other`.`report`.\nℹ Using SQL: CREATE INDEX `report_g` ON `other`.`report` (`g`)\nCaused by error:\n! near ".": syntax error
 FAIL Can't copy query to table `other`.`report`.\nCaused by error in `dbplyr_create_index()`:\n! Can't create index on table `other`.`report`.\nℹ Using SQL: CREATE INDEX `report_g` ON `other`.`report` (`g`)\nCaused by error:\n! near ".": syntax error
 FAIL Can't copy query to table `other`.`report`.\nCaused by error in `dbplyr_create_index()`:\n! Can't create index on table `other`.`report`.\nℹ Using SQL: CREATE INDEX `report_g` ON `other`.`report` (`g`)\nCaused by error:\n! near ".": syntax error
 FAIL Can't copy query to table `other`.`report`.\nCaused by error in `dbplyr_create_index()`:\n! Can't create index on table `other`.`report`.\nℹ Using SQL: CREATE INDEX `report_g` ON `other`.`report` (`g`)\nCaused by error:\n! near ".": syntax error
 FAIL Can't copy query to table `other`.`report`.\nCaused by error in `dbplyr_create_index()`:\n! Can't create index on table `other`.`report`.\nℹ Using SQL: CREATE INDEX `report_g` ON `other`.`report` (`g`)\nCaused by error:\n! near ".": syntax error
 FAIL Can't copy query to table `other`.`report`.\nCaused by error in `dbplyr_create_index()`:\n! Can't create index on table `other`.`report`.\nℹ Using SQL: CREATE INDEX `report_g` ON `other`.`report` (`g`)\nCaused by error:\n! near ".": syntax error
 FAIL Can't copy query to table `other`.`report`.\nCaused by error in `dbplyr_create_index()`:\n! Can't create index on table `other`.`report`.\nℹ Using SQL: CREATE INDEX `report_g` ON `other`.`report` (`g`)\nCaused by error:\n! near ".": syntax error
 FAIL Can't copy query to table `other`.`report`.\nCaused by error in `dbplyr_create_index()`:\n! Can't create index on table `other`.`report`.\nℹ Using SQL: CREATE INDEX `report_g` ON `other`.`report` (`g`)\nCaused by error:\n! near ".": syntax error
 FAIL Can't copy query to table `other`.`report`.\nCaused by error in `dbplyr_create_index()`:\n! Can't create index on table `other`.`report`.\nℹ Using SQL: CREATE INDEX `report_g` ON `other`.`report` (`g`)\nCaused by error:\n! near ".": syntax error
 FAIL Can't copy query to table `other`.`report`.\nCaused by error in `dbplyr_create_index()`:\n! Can't create index on table `other`.`report`.\nℹ Using SQL: CREATE INDEX `report_g` ON `other`.`report` (`g`)\nCaused by error:\n! near ".": syntax error
 FAIL Can't copy query to table `other`.`report`.\nCaused by error in `dbplyr_create_index()`:\n! Can't create index on table `other`.`report`.\nℹ Using SQL: CREATE INDEX `report_g` ON `other`.`report` (`g`)\nCaused by error:\n! near ".": syntax error
 FAIL Can't copy query to table `other`.`report`.\nCaused by error in `dbplyr_create_index()`:\n! Can't create index on table `other`.`report`.\nℹ Using SQL: CREATE INDEX `report_g` ON `other`.`report` (`g`)\nCaused by error:\n! near ".": syntax error
 FAIL Can't copy query to table `other`.`report`.\nCaused by error in `dbplyr_create_index()`:\n! Can't create index on table `other`.`report`.\nℹ Using SQL: CREATE INDEX `report_g` ON `other`.`report` (`g`)\nCaused by error:\n! near ".": syntax error
 FAIL Can't copy query to table `other`.`report`.\nCaused by error in `dbplyr_create_index()`:\n! Can't create index on table `other`.`report`.\nℹ Using SQL: CREATE INDEX `report_g` ON `other`.`report` (`g`)\nCaused by error:\n! near ".": syntax error
                                                                                                                                                                                                                                                       PASS
                                                                                                                                                                                                                                                       PASS
                                                                                                                                                                                                                                                       PASS
                                                                                                                                                                                                                                                       PASS
                                                                                                                                                                                                                                                       PASS
                                                                                                                                                                                                                                                       PASS
                                                                                                                                                                                                                                                       PASS
                                                                                                                                                                                                                                                       PASS
                                                                                                                                                                                                           FAIL identical(collect(m), expected) is not TRUE
                                                                                                                                                                                                           FAIL identical(collect(m), expected) is not TRUE
                                                                                                                                                                                                           FAIL identical(collect(m), expected) is not TRUE
                                                                                                                                                                                                           FAIL identical(collect(m), expected) is not TRUE
                                                                                                                                                                                                           FAIL identical(collect(m), expected) is not TRUE
                                                                                                                                                                                                           FAIL identical(collect(m), expected) is not TRUE
                                                                                                                                                                                                           FAIL identical(collect(m), expected) is not TRUE
                                                                                                                                                                                                           FAIL identical(collect(m), expected) is not TRUE
                                                                                                                                                                                                           FAIL identical(collect(m), expected) is not TRUE
                                                                                                                                                                                                           FAIL identical(collect(m), expected) is not TRUE
                                                                                                                                                                                                           FAIL identical(collect(m), expected) is not TRUE
                                                                                                                                                                                                           FAIL identical(collect(m), expected) is not TRUE
                                                                                                                                                                                                      FAIL identical(names(out), c("x", "set")) is not TRUE
                                                                                                                                                                                                                                                       PASS
                                                                                                                                                                                                      FAIL identical(names(out), c("x", "set")) is not TRUE
                                                                                                                                                                                                                                                       PASS
                                                                                                                                                                                                      FAIL identical(names(out), c("x", "set")) is not TRUE
                                                                                                                                                                                                                                                       PASS
                                                                                                                                                                                                      FAIL identical(names(out), c("x", "set")) is not TRUE
                                                                                                                                                                                                                                                       PASS
                                                                                                                                                                                                      FAIL identical(names(out), c("x", "set")) is not TRUE
                                                                                                                                                                                                                                                       PASS
                                                                                                                                                                                                      FAIL identical(names(out), c("x", "set")) is not TRUE
                                                                                                                                                                                                                                                       PASS
                                                                                                                                                                                                      FAIL identical(names(out), c("x", "set")) is not TRUE
                                                                                                                                                                                                                                                       PASS
                                                                                                                                                                                                      FAIL identical(names(out), c("x", "set")) is not TRUE
                                                                                                                                                                                                                                                       PASS
                                                                                                                                                                                                      FAIL identical(names(out), c("x", "set")) is not TRUE
                                                                                                                                                                                                                                                       PASS
                                                                                                                                                                       FAIL identical(out, head(full, n = if (is.finite(n)) n else nrow(full))) is not TRUE
                                                                                                                                                                       FAIL identical(out, head(full, n = if (is.finite(n)) n else nrow(full))) is not TRUE
                                                                                                                                                                       FAIL identical(out, head(full, n = if (is.finite(n)) n else nrow(full))) is not TRUE
                                                                                                                                                                       FAIL identical(out, head(full, n = if (is.finite(n)) n else nrow(full))) is not TRUE
                                                                                                                                                                                                               FAIL identical(collect(m), full) is not TRUE
                                                                                                                                                                                                               FAIL identical(collect(m), full) is not TRUE
                                                                                                                                                                                                               FAIL identical(collect(m), full) is not TRUE
                                                                                                                                                                                                               FAIL identical(collect(m), full) is not TRUE
                                                                                                                                                                                                               FAIL identical(collect(m), full) is not TRUE
                                                                                                                                                                                                               FAIL identical(collect(m), full) is not TRUE
                                                                                                                                                                                                               FAIL identical(collect(m), full) is not TRUE
                                                                                                                                                                                                               FAIL identical(collect(m), full) is not TRUE
                                                                                                                                                                                                                                                       PASS
                                                                                                                                                                                                                                                       PASS
                                                                                                                                                                                                                                                       PASS
TOTAL 77 PASS 20 FAIL 57 
