ENVIRONMENT
R version 4.6.1 (2026-06-24)
Platform: aarch64-apple-darwin23
Running under: macOS Tahoe 26.6.2

Matrix products: default
BLAS:   /Library/Frameworks/R.framework/Versions/4.6/Resources/lib/libRblas.0.dylib 
LAPACK: /Library/Frameworks/R.framework/Versions/4.6/Resources/lib/libRlapack.dylib;  LAPACK version 3.12.1

locale:
[1] C.UTF-8/C.UTF-8/C.UTF-8/C/C.UTF-8/C.UTF-8

time zone: Asia/Tokyo
tzcode source: internal

attached base packages:
[1] stats     graphics  grDevices utils     datasets  methods   base     

other attached packages:
[1] dplyr_1.2.1      marginplyr_0.1.0 testthat_3.3.2  

loaded via a namespace (and not attached):
 [1] desc_1.4.3       R6_2.6.1         tidyselect_1.2.1 magrittr_2.0.5  
 [5] glue_1.8.1       tibble_3.3.1     pkgconfig_2.0.3  generics_0.1.4  
 [9] lifecycle_1.0.5  cli_3.6.6        vctrs_0.7.3      withr_3.0.3     
[13] pkgload_1.5.3    compiler_4.6.1   rprojroot_2.1.1  tools_4.6.1     
[17] pkgbuild_1.4.8   brio_1.1.5       pillar_1.11.1    otel_0.2.0      
[21] rlang_1.3.0      dbplyr_2.6.0    
CASE 661 none schema analyze FALSE overwrite FALSE 
PASS 
CASE 661 none schema analyze FALSE overwrite TRUE 
PASS 
CASE 661 none schema analyze TRUE overwrite FALSE 
PASS 
CASE 661 none schema analyze TRUE overwrite TRUE 
PASS 
CASE 661 none DBI analyze FALSE overwrite FALSE 
PASS 
CASE 661 none DBI analyze FALSE overwrite TRUE 
PASS 
CASE 661 none DBI analyze TRUE overwrite FALSE 
PASS 
CASE 661 none DBI analyze TRUE overwrite TRUE 
PASS 
CASE 661 first schema analyze FALSE overwrite FALSE 
PASS 
CASE 661 first schema analyze FALSE overwrite TRUE 
PASS 
CASE 661 first schema analyze TRUE overwrite FALSE 
PASS 
CASE 661 first schema analyze TRUE overwrite TRUE 
PASS 
CASE 661 first DBI analyze FALSE overwrite FALSE 
PASS 
CASE 661 first DBI analyze FALSE overwrite TRUE 
PASS 
CASE 661 first DBI analyze TRUE overwrite FALSE 
PASS 
CASE 661 first DBI analyze TRUE overwrite TRUE 
PASS 
CASE 661 last schema analyze FALSE overwrite FALSE 
PASS 
CASE 661 last schema analyze FALSE overwrite TRUE 
PASS 
CASE 661 last schema analyze TRUE overwrite FALSE 
PASS 
CASE 661 last schema analyze TRUE overwrite TRUE 
PASS 
CASE 661 last DBI analyze FALSE overwrite FALSE 
PASS 
CASE 661 last DBI analyze FALSE overwrite TRUE 
PASS 
CASE 661 last DBI analyze TRUE overwrite FALSE 
PASS 
CASE 661 last DBI analyze TRUE overwrite TRUE 
PASS 
CASE 662 none caller FALSE in_transaction FALSE failure FALSE 
PASS 
CASE 662 none caller FALSE in_transaction FALSE failure TRUE 
PASS 
CASE 662 none caller FALSE in_transaction TRUE failure FALSE 
PASS 
CASE 662 none caller FALSE in_transaction TRUE failure TRUE 
PASS 
CASE 662 none caller TRUE in_transaction FALSE failure FALSE 
PASS 
CASE 662 none caller TRUE in_transaction FALSE failure TRUE 
PASS 
CASE 662 none caller TRUE in_transaction TRUE failure FALSE 
PASS 
CASE 662 none caller TRUE in_transaction TRUE failure TRUE 
PASS 
CASE 662 last caller FALSE in_transaction FALSE failure FALSE 
PASS 
CASE 662 last caller FALSE in_transaction FALSE failure TRUE 
PASS 
CASE 662 last caller FALSE in_transaction TRUE failure FALSE 
PASS 
CASE 662 last caller FALSE in_transaction TRUE failure TRUE 
PASS 
CASE 662 last caller TRUE in_transaction FALSE failure FALSE 
PASS 
CASE 662 last caller TRUE in_transaction FALSE failure TRUE 
PASS 
CASE 662 last caller TRUE in_transaction TRUE failure FALSE 
PASS 
CASE 662 last caller TRUE in_transaction TRUE failure TRUE 
PASS 
CASE 663 downstream first 
PASS 
CASE overwrite source first 
self-overwrite refused: Can't copy query to table `source`.
Caused by error in `dbplyr_save_query()`:
! Can't save query to table `source`.
ℹ Using SQL: CREATE TABLE `source` AS SELECT `g`, CAST(NULL AS INTEGER) AS
  `sid`, NULL AS `total` FROM `source` WHERE (0)
Caused by error:
! no such table: source 
PASS 
CASE 663 downstream last 
PASS 
CASE overwrite source last 
self-overwrite refused: Can't copy query to table `source`.
Caused by error in `dbplyr_save_query()`:
! Can't save query to table `source`.
ℹ Using SQL: CREATE TABLE `source` AS SELECT `g`, CAST(NULL AS INTEGER) AS
  `sid`, NULL AS `total` FROM `source` WHERE (0)
Caused by error:
! no such table: source 
PASS 
CASE 665 none Total explicit FALSE 
PASS 
CASE 665 none Total explicit TRUE 
PASS 
CASE 665 none NULL explicit FALSE 
PASS 
CASE 665 none NULL explicit TRUE 
PASS 
CASE 665 none NA explicit FALSE 
PASS 
CASE 665 none NA explicit TRUE 
PASS 
CASE 665 first Total explicit FALSE 
PASS 
CASE 665 first Total explicit TRUE 
PASS 
CASE 665 first NULL explicit FALSE 
PASS 
CASE 665 first NULL explicit TRUE 
PASS 
CASE 665 first NA explicit FALSE 
PASS 
CASE 665 first NA explicit TRUE 
PASS 
CASE 665 last Total explicit FALSE 
PASS 
CASE 665 last Total explicit TRUE 
PASS 
CASE 665 last NULL explicit FALSE 
PASS 
CASE 665 last NULL explicit TRUE 
PASS 
CASE 665 last NA explicit FALSE 
PASS 
CASE 665 last NA explicit TRUE 
PASS 
CASE 666 none Total sum 
PASS 
CASE 666 none Total mean 
PASS 
CASE 666 none NULL sum 
PASS 
CASE 666 none NULL mean 
PASS 
CASE 666 first Total sum 
PASS 
CASE 666 first Total mean 
PASS 
CASE 666 first NULL sum 
PASS 
CASE 666 first NULL mean 
PASS 
CASE 666 last Total sum 
PASS 
CASE 666 last Total mean 
PASS 
CASE 666 last NULL sum 
PASS 
CASE 666 last NULL mean 
PASS 
CASE 666 original missing numerator 
PASS 
CASE all rowid aliases remain refused before materialization 
PASS 
CASE audit result remains exact direct SQL; compute adds no audit rows 
PASS 
                                                              case result
                     661 none schema analyze FALSE overwrite FALSE   PASS
                      661 none schema analyze FALSE overwrite TRUE   PASS
                      661 none schema analyze TRUE overwrite FALSE   PASS
                       661 none schema analyze TRUE overwrite TRUE   PASS
                        661 none DBI analyze FALSE overwrite FALSE   PASS
                         661 none DBI analyze FALSE overwrite TRUE   PASS
                         661 none DBI analyze TRUE overwrite FALSE   PASS
                          661 none DBI analyze TRUE overwrite TRUE   PASS
                    661 first schema analyze FALSE overwrite FALSE   PASS
                     661 first schema analyze FALSE overwrite TRUE   PASS
                     661 first schema analyze TRUE overwrite FALSE   PASS
                      661 first schema analyze TRUE overwrite TRUE   PASS
                       661 first DBI analyze FALSE overwrite FALSE   PASS
                        661 first DBI analyze FALSE overwrite TRUE   PASS
                        661 first DBI analyze TRUE overwrite FALSE   PASS
                         661 first DBI analyze TRUE overwrite TRUE   PASS
                     661 last schema analyze FALSE overwrite FALSE   PASS
                      661 last schema analyze FALSE overwrite TRUE   PASS
                      661 last schema analyze TRUE overwrite FALSE   PASS
                       661 last schema analyze TRUE overwrite TRUE   PASS
                        661 last DBI analyze FALSE overwrite FALSE   PASS
                         661 last DBI analyze FALSE overwrite TRUE   PASS
                         661 last DBI analyze TRUE overwrite FALSE   PASS
                          661 last DBI analyze TRUE overwrite TRUE   PASS
          662 none caller FALSE in_transaction FALSE failure FALSE   PASS
           662 none caller FALSE in_transaction FALSE failure TRUE   PASS
           662 none caller FALSE in_transaction TRUE failure FALSE   PASS
            662 none caller FALSE in_transaction TRUE failure TRUE   PASS
           662 none caller TRUE in_transaction FALSE failure FALSE   PASS
            662 none caller TRUE in_transaction FALSE failure TRUE   PASS
            662 none caller TRUE in_transaction TRUE failure FALSE   PASS
             662 none caller TRUE in_transaction TRUE failure TRUE   PASS
          662 last caller FALSE in_transaction FALSE failure FALSE   PASS
           662 last caller FALSE in_transaction FALSE failure TRUE   PASS
           662 last caller FALSE in_transaction TRUE failure FALSE   PASS
            662 last caller FALSE in_transaction TRUE failure TRUE   PASS
           662 last caller TRUE in_transaction FALSE failure FALSE   PASS
            662 last caller TRUE in_transaction FALSE failure TRUE   PASS
            662 last caller TRUE in_transaction TRUE failure FALSE   PASS
             662 last caller TRUE in_transaction TRUE failure TRUE   PASS
                                              663 downstream first   PASS
                                            overwrite source first   PASS
                                               663 downstream last   PASS
                                             overwrite source last   PASS
                                     665 none Total explicit FALSE   PASS
                                      665 none Total explicit TRUE   PASS
                                      665 none NULL explicit FALSE   PASS
                                       665 none NULL explicit TRUE   PASS
                                        665 none NA explicit FALSE   PASS
                                         665 none NA explicit TRUE   PASS
                                    665 first Total explicit FALSE   PASS
                                     665 first Total explicit TRUE   PASS
                                     665 first NULL explicit FALSE   PASS
                                      665 first NULL explicit TRUE   PASS
                                       665 first NA explicit FALSE   PASS
                                        665 first NA explicit TRUE   PASS
                                     665 last Total explicit FALSE   PASS
                                      665 last Total explicit TRUE   PASS
                                      665 last NULL explicit FALSE   PASS
                                       665 last NULL explicit TRUE   PASS
                                        665 last NA explicit FALSE   PASS
                                         665 last NA explicit TRUE   PASS
                                                666 none Total sum   PASS
                                               666 none Total mean   PASS
                                                 666 none NULL sum   PASS
                                                666 none NULL mean   PASS
                                               666 first Total sum   PASS
                                              666 first Total mean   PASS
                                                666 first NULL sum   PASS
                                               666 first NULL mean   PASS
                                                666 last Total sum   PASS
                                               666 last Total mean   PASS
                                                 666 last NULL sum   PASS
                                                666 last NULL mean   PASS
                                    666 original missing numerator   PASS
           all rowid aliases remain refused before materialization   PASS
 audit result remains exact direct SQL; compute adds no audit rows   PASS
TOTAL 77 PASS 77 FAIL 0 
