ℹ Testing marginplyr
✔ | F W  S  OK | Context

⠏ |          0 | across-argument-matching
⠙ |          2 | across-argument-matching
⠸ |          4 | across-argument-matching
⠋ |         11 | across-argument-matching
✔ |         19 | across-argument-matching

⠏ |          0 | across-uncertain-output-names
⠇ |          9 | across-uncertain-output-names
⠴ |         26 | across-uncertain-output-names
⠹ |         43 | across-uncertain-output-names
⠇ |         49 | across-uncertain-output-names
✔ |         53 | across-uncertain-output-names

⠏ |          0 | branch-union
⠹ |         13 | branch-union
⠧ |         18 | branch-union
⠇ |         19 | branch-union
⠹ |         23 | branch-union
⠙ |         32 | branch-union
⠼ |         45 | branch-union
⠦ |         47 | branch-union
⠇ |         49 | branch-union
⠸ |         54 | branch-union
⠇ |         59 | branch-union
⠇ |         69 | branch-union
⠦ |         77 | branch-union
⠦ |         87 | branch-union
⠇ |         89 | branch-union
⠸ |         94 | branch-union
⠸ |        104 | branch-union
⠴ |        106 | branch-union
✔ |        114 | branch-union [4.9s]

⠏ |          0 | contextual-helpers
⠋ |         81 | contextual-helpers
⠦ |        177 | contextual-helpers
⠙ |        272 | contextual-helpers
⠧ |        378 | contextual-helpers
⠹ |        483 | contextual-helpers
⠼ |        585 | contextual-helpers
⠇ |        649 | contextual-helpers
⠦ |        657 | contextual-helpers
⠸ |        664 | contextual-helpers
⠏ |        670 | contextual-helpers
⠼ |        675 | contextual-helpers
⠋ |        681 | contextual-helpers
⠧ |        688 | contextual-helpers
⠴ |        696 | contextual-helpers
⠹ |        703 | contextual-helpers
⠏ |        710 | contextual-helpers
⠹ |        723 | contextual-helpers
⠸ |        734 | contextual-helpers
⠦ |        747 | contextual-helpers
⠧ |        758 | contextual-helpers
⠼ |        765 | contextual-helpers
⠇ |        769 | contextual-helpers
⠴ |        776 | contextual-helpers
⠙ |        782 | contextual-helpers
⠴ |        786 | contextual-helpers
⠏ |        790 | contextual-helpers
⠸ |        794 | contextual-helpers
⠧ |        798 | contextual-helpers
⠹ |        803 | contextual-helpers
⠧ |        808 | contextual-helpers
⠹ |        813 | contextual-helpers
⠦ |        817 | contextual-helpers
⠦ |        827 | contextual-helpers
⠙ |        832 | contextual-helpers
⠦ |        837 | contextual-helpers
⠙ |        842 | contextual-helpers
⠸ |        844 | contextual-helpers
⠦ |        847 | contextual-helpers
⠏ |        850 | contextual-helpers
⠹ |        853 | contextual-helpers
⠴ |        856 | contextual-helpers
⠏ |        860 | contextual-helpers
⠸ |        864 | contextual-helpers
⠧ |        868 | contextual-helpers
⠙ |        872 | contextual-helpers
⠴ |        876 | contextual-helpers
⠏ |        880 | contextual-helpers
⠸ |        884 | contextual-helpers
⠧ |        888 | contextual-helpers
⠼ |        895 | contextual-helpers
⠹ |        903 | contextual-helpers
⠏ |        910 | contextual-helpers
⠦ |        917 | contextual-helpers
⠸ |        924 | contextual-helpers
⠋ |        931 | contextual-helpers
⠧ |        938 | contextual-helpers
⠹ |        943 | contextual-helpers
⠴ |        946 | contextual-helpers
⠏ |        950 | contextual-helpers
⠸ |        954 | contextual-helpers
⠧ |        958 | contextual-helpers
⠙ |        962 | contextual-helpers
⠴ |        966 | contextual-helpers
⠏ |        970 | contextual-helpers
⠸ |        974 | contextual-helpers
⠴ |        976 | contextual-helpers
⠧ |        978 | contextual-helpers
⠏ |        980 | contextual-helpers
⠙ |        982 | contextual-helpers
⠸ |        984 | contextual-helpers
⠴ |        986 | contextual-helpers
⠦ |        987 | contextual-helpers
⠇ |        989 | contextual-helpers
⠋ |        991 | contextual-helpers
⠹ |        993 | contextual-helpers
⠼ |        995 | contextual-helpers
⠧ |        998 | contextual-helpers
⠋ |        1001 | contextual-helpers
⠸ |        1004 | contextual-helpers
⠦ |        1007 | contextual-helpers
⠏ |        1010 | contextual-helpers
⠹ |        1013 | contextual-helpers
⠴ |        1016 | contextual-helpers
⠇ |        1019 | contextual-helpers
⠙ |        1022 | contextual-helpers
⠼ |        1025 | contextual-helpers
⠧ |        1028 | contextual-helpers
⠋ |        1031 | contextual-helpers
⠸ |        1034 | contextual-helpers
⠦ |        1037 | contextual-helpers
⠏ |        1040 | contextual-helpers
⠹ |        1043 | contextual-helpers
⠴ |        1046 | contextual-helpers
⠇ |        1049 | contextual-helpers
⠙ |        1052 | contextual-helpers
⠴ |        1056 | contextual-helpers
⠇ |        1059 | contextual-helpers
⠙ |        1062 | contextual-helpers
⠼ |        1065 | contextual-helpers
⠧ |        1068 | contextual-helpers
⠸ |        1074 | contextual-helpers
⠙ |        1082 | contextual-helpers
⠇ |        1089 | contextual-helpers
⠴ |        1096 | contextual-helpers
⠹ |        1103 | contextual-helpers
⠏ |        1110 | contextual-helpers
⠦ |        1117 | contextual-helpers
⠸ |        1124 | contextual-helpers
⠋ |        1131 | contextual-helpers
⠇ |        1139 | contextual-helpers
⠦ |        1147 | contextual-helpers
⠼ |        1155 | contextual-helpers
⠹ |        1163 | contextual-helpers
⠏ |        1170 | contextual-helpers
⠴ |        1176 | contextual-helpers
⠴ |        1186 | contextual-helpers
⠋ |        1191 | contextual-helpers
⠇ |        1199 | contextual-helpers
⠸ |        1204 | contextual-helpers
⠋ |        1211 | contextual-helpers
⠴ |        1216 | contextual-helpers
⠙ |        1222 | contextual-helpers
⠧ |        1228 | contextual-helpers
⠦ |        1237 | contextual-helpers
⠧ |        1248 | contextual-helpers
⠹ |        1253 | contextual-helpers
⠧ |        1258 | contextual-helpers
⠸ |        1264 | contextual-helpers
⠋ |        1271 | contextual-helpers
✔ |        1275 | contextual-helpers [14.6s]

⠏ |          0 | data-frame-subclass
⠹ |         13 | data-frame-subclass
⠴ |         36 | data-frame-subclass
✔ |         50 | data-frame-subclass

⠏ |          0 | data-pronoun
⠙ |         12 | data-pronoun
✔ |         17 | data-pronoun

⠏ |          0 | dependency-floor
✔ |          1 | dependency-floor

⠏ |          0 | diagnostic-authoring
⠙ |         12 | diagnostic-authoring
✔ |         35 | diagnostic-authoring

⠏ |          0 | diagnostic-pluralization
⠴ |          6 | diagnostic-pluralization
⠏ |         50 | diagnostic-pluralization
⠴ |         66 | diagnostic-pluralization
✔ |         75 | diagnostic-pluralization

⠏ |          0 | documentation
⠦ |         17 | documentation
✔ |         22 | documentation

⠏ |          0 | dot-data-summary
⠧ |          8 | dot-data-summary
⠴ |         16 | dot-data-summary
⠋ |         21 | dot-data-summary
✔ |         23 | dot-data-summary

⠏ |          0 | dtplyr-special-names
⠙ |         12 | dtplyr-special-names
⠏ |         20 | dtplyr-special-names
⠧ |         28 | dtplyr-special-names
⠴ |         36 | dtplyr-special-names
⠸ |         44 | dtplyr-special-names
⠙ |         52 | dtplyr-special-names
⠏ |         60 | dtplyr-special-names
⠧ |         68 | dtplyr-special-names
⠴ |         76 | dtplyr-special-names
⠸ |         84 | dtplyr-special-names
⠹ |         93 | dtplyr-special-names
⠋ |        101 | dtplyr-special-names
⠧ |        108 | dtplyr-special-names
⠸ |        114 | dtplyr-special-names
⠏ |        120 | dtplyr-special-names
⠼ |        125 | dtplyr-special-names
⠧ |        128 | dtplyr-special-names
⠙ |        132 | dtplyr-special-names
⠴ |        136 | dtplyr-special-names
⠏ |        140 | dtplyr-special-names
⠸ |        144 | dtplyr-special-names
⠧ |        148 | dtplyr-special-names
⠙ |        152 | dtplyr-special-names
⠴ |        156 | dtplyr-special-names
⠏ |        160 | dtplyr-special-names
⠸ |        164 | dtplyr-special-names
⠧ |        168 | dtplyr-special-names
⠙ |        172 | dtplyr-special-names
⠧ |        178 | dtplyr-special-names
⠸ |        184 | dtplyr-special-names
⠋ |        191 | dtplyr-special-names
⠇ |        199 | dtplyr-special-names
⠧ |        208 | dtplyr-special-names
⠹ |        213 | dtplyr-special-names
⠦ |        217 | dtplyr-special-names
⠦ |        227 | dtplyr-special-names
⠋ |        231 | dtplyr-special-names
⠴ |        236 | dtplyr-special-names
⠏ |        240 | dtplyr-special-names
⠼ |        245 | dtplyr-special-names
⠇ |        249 | dtplyr-special-names
⠸ |        254 | dtplyr-special-names
⠧ |        258 | dtplyr-special-names
⠹ |        263 | dtplyr-special-names
⠦ |        267 | dtplyr-special-names
⠙ |        272 | dtplyr-special-names
⠴ |        276 | dtplyr-special-names
⠋ |        281 | dtplyr-special-names
⠼ |        285 | dtplyr-special-names
⠏ |        290 | dtplyr-special-names
⠸ |        294 | dtplyr-special-names
⠇ |        299 | dtplyr-special-names
⠹ |        303 | dtplyr-special-names
⠧ |        308 | dtplyr-special-names
⠙ |        312 | dtplyr-special-names
⠦ |        317 | dtplyr-special-names
⠋ |        321 | dtplyr-special-names
⠴ |        326 | dtplyr-special-names
⠏ |        330 | dtplyr-special-names
⠼ |        335 | dtplyr-special-names
⠇ |        339 | dtplyr-special-names
⠸ |        344 | dtplyr-special-names
⠧ |        348 | dtplyr-special-names
⠹ |        353 | dtplyr-special-names
⠦ |        357 | dtplyr-special-names
⠙ |        362 | dtplyr-special-names
⠴ |        366 | dtplyr-special-names
⠋ |        371 | dtplyr-special-names
⠼ |        375 | dtplyr-special-names
⠏ |        380 | dtplyr-special-names
⠸ |        384 | dtplyr-special-names
⠇ |        389 | dtplyr-special-names
⠹ |        393 | dtplyr-special-names
⠧ |        398 | dtplyr-special-names
⠙ |        402 | dtplyr-special-names
⠦ |        407 | dtplyr-special-names
⠋ |        411 | dtplyr-special-names
⠴ |        416 | dtplyr-special-names
⠏ |        420 | dtplyr-special-names
⠼ |        425 | dtplyr-special-names
⠇ |        429 | dtplyr-special-names
⠸ |        434 | dtplyr-special-names
⠧ |        438 | dtplyr-special-names
⠹ |        443 | dtplyr-special-names
⠦ |        447 | dtplyr-special-names
⠙ |        452 | dtplyr-special-names
⠼ |        455 | dtplyr-special-names
⠇ |        459 | dtplyr-special-names
⠸ |        464 | dtplyr-special-names
⠧ |        468 | dtplyr-special-names
⠹ |        473 | dtplyr-special-names
⠦ |        477 | dtplyr-special-names
⠙ |        482 | dtplyr-special-names
⠴ |        486 | dtplyr-special-names
⠋ |        491 | dtplyr-special-names
⠼ |        495 | dtplyr-special-names
⠦ |        497 | dtplyr-special-names
⠇ |        499 | dtplyr-special-names
⠹ |        513 | dtplyr-special-names
⠧ |        528 | dtplyr-special-names
⠋ |        541 | dtplyr-special-names
⠴ |        556 | dtplyr-special-names
⠙ |        572 | dtplyr-special-names
⠴ |        586 | dtplyr-special-names
⠏ |        600 | dtplyr-special-names
⠼ |        615 | dtplyr-special-names
⠋ |        631 | dtplyr-special-names
⠴ |        646 | dtplyr-special-names
⠹ |        663 | dtplyr-special-names
⠧ |        678 | dtplyr-special-names
⠸ |        694 | dtplyr-special-names
⠋ |        711 | dtplyr-special-names
⠇ |        729 | dtplyr-special-names
⠦ |        747 | dtplyr-special-names
⠹ |        763 | dtplyr-special-names
⠧ |        778 | dtplyr-special-names
⠸ |        794 | dtplyr-special-names
⠧ |        808 | dtplyr-special-names
⠼ |        825 | dtplyr-special-names
⠏ |        840 | dtplyr-special-names
⠼ |        855 | dtplyr-special-names
⠏ |        870 | dtplyr-special-names
⠼ |        885 | dtplyr-special-names
⠋ |        901 | dtplyr-special-names
⠼ |        915 | dtplyr-special-names
⠏ |        930 | dtplyr-special-names
⠼ |        945 | dtplyr-special-names
⠏ |        960 | dtplyr-special-names
⠧ |        978 | dtplyr-special-names
⠴ |        996 | dtplyr-special-names
⠼ |        1015 | dtplyr-special-names
⠸ |        1034 | dtplyr-special-names
⠹ |        1053 | dtplyr-special-names
⠙ |        1072 | dtplyr-special-names
⠼ |        1095 | dtplyr-special-names
⠇ |        1119 | dtplyr-special-names
⠹ |        1143 | dtplyr-special-names
⠦ |        1167 | dtplyr-special-names
✔ |        1178 | dtplyr-special-names [16.0s]

⠏ |          0 | dtplyr-special-nesting
⠏ |         30 | dtplyr-special-nesting
⠙ |         62 | dtplyr-special-nesting
⠼ |         85 | dtplyr-special-nesting
⠸ |        104 | dtplyr-special-nesting
⠴ |        126 | dtplyr-special-nesting
⠸ |        144 | dtplyr-special-nesting
⠸ |        174 | dtplyr-special-nesting
⠋ |        191 | dtplyr-special-nesting
⠸ |        214 | dtplyr-special-nesting
⠹ |        233 | dtplyr-special-nesting
⠦ |        257 | dtplyr-special-nesting
⠇ |        279 | dtplyr-special-nesting
⠦ |        297 | dtplyr-special-nesting
⠴ |        316 | dtplyr-special-nesting
⠙ |        332 | dtplyr-special-nesting
⠙ |        362 | dtplyr-special-nesting
⠇ |        379 | dtplyr-special-nesting
⠙ |        402 | dtplyr-special-nesting
⠋ |        421 | dtplyr-special-nesting
⠹ |        443 | dtplyr-special-nesting
⠙ |        462 | dtplyr-special-nesting
⠙ |        482 | dtplyr-special-nesting
⠙ |        502 | dtplyr-special-nesting
⠏ |        520 | dtplyr-special-nesting
⠧ |        538 | dtplyr-special-nesting
⠏ |        560 | dtplyr-special-nesting
✔ |        566 | dtplyr-special-nesting [2.9s]

⠏ |          0 | duckdb-storage
⠴ |          6 | duckdb-storage
✔ |          8 | duckdb-storage

⠏ |          0 | evaluated-call-heads
⠼ |          5 | evaluated-call-heads
⠴ |         16 | evaluated-call-heads
✔ |         22 | evaluated-call-heads

⠏ |          0 | execution-conditions
⠋ |          1 | execution-conditions
⠼ |          5 | execution-conditions
⠧ |          8 | execution-conditions
⠸ |         14 | execution-conditions
⠇ |         19 | execution-conditions
⠸ |         24 | execution-conditions
⠧ |         28 | execution-conditions
⠴ |         36 | execution-conditions
⠧ |         38 | execution-conditions
⠏ |         40 | execution-conditions
⠙ |         42 | execution-conditions
⠋ |         51 | execution-conditions
⠼ |         55 | execution-conditions
⠏ |         70 | execution-conditions
⠧ |         78 | execution-conditions
⠹ |        103 | execution-conditions
⠼ |        105 | execution-conditions
✔ |        137 | execution-conditions [7.5s]

⠏ |          0 | expand-operation
⠹ |         23 | expand-operation
⠋ |         31 | expand-operation
✔ |         48 | expand-operation

⠏ |          0 | factor
✔ |          5 | factor

⠏ |          0 | followup-summary
⠦ |          7 | followup-summary
⠹ |         13 | followup-summary
⠙ |         22 | followup-summary
⠴ |         36 | followup-summary
⠙ |         52 | followup-summary
⠸ |         64 | followup-summary
⠇ |         79 | followup-summary
⠋ |         91 | followup-summary
⠏ |        100 | followup-summary
⠴ |        106 | followup-summary
⠏ |        120 | followup-summary
⠧ |        138 | followup-summary
⠼ |        155 | followup-summary
⠹ |        163 | followup-summary
⠸ |        174 | followup-summary
⠏ |        190 | followup-summary
⠸ |        204 | followup-summary
⠙ |        222 | followup-summary
⠏ |        240 | followup-summary
⠧ |        258 | followup-summary
⠴ |        276 | followup-summary
⠸ |        294 | followup-summary
⠙ |        312 | followup-summary
⠏ |        330 | followup-summary
⠧ |        348 | followup-summary
⠴ |        366 | followup-summary
⠸ |        384 | followup-summary
⠹ |        393 | followup-summary
⠇ |        399 | followup-summary
⠼ |        405 | followup-summary
⠋ |        411 | followup-summary
⠦ |        417 | followup-summary
⠹ |        423 | followup-summary
⠇ |        429 | followup-summary
⠼ |        435 | followup-summary
⠙ |        442 | followup-summary
⠇ |        449 | followup-summary
⠦ |        457 | followup-summary
⠼ |        465 | followup-summary
⠙ |        472 | followup-summary
⠧ |        478 | followup-summary
⠸ |        484 | followup-summary
⠏ |        490 | followup-summary
⠴ |        496 | followup-summary
⠙ |        502 | followup-summary
⠧ |        508 | followup-summary
⠸ |        514 | followup-summary
⠏ |        520 | followup-summary
⠴ |        526 | followup-summary
⠙ |        532 | followup-summary
⠧ |        538 | followup-summary
⠸ |        544 | followup-summary
⠏ |        550 | followup-summary
⠴ |        556 | followup-summary
⠹ |        563 | followup-summary
⠏ |        570 | followup-summary
⠦ |        577 | followup-summary
⠼ |        585 | followup-summary
⠼ |        595 | followup-summary
⠼ |        605 | followup-summary
⠼ |        615 | followup-summary
⠼ |        625 | followup-summary
⠼ |        635 | followup-summary
⠼ |        645 | followup-summary
⠼ |        655 | followup-summary
⠼ |        665 | followup-summary
⠧ |        678 | followup-summary
⠼ |        685 | followup-summary
⠼ |        695 | followup-summary
⠏ |        700 | followup-summary
⠧ |        708 | followup-summary
✔ |        714 | followup-summary [8.2s]

⠏ |          0 | get-col-names
✔ |          8 | get-col-names

⠏ |          0 | grouping-backends                                              /Volumes/Temp/tmp/RtmpkxX6uE/R.INSTALL12c473d9025d6/arrow/tools/cpp/src/arrow/util/cpu_info.cc:181: IOError: sysctlbyname failed for 'hw.l1dcachesize'. Detail: [errno 1] Operation not permitted
/Volumes/Temp/tmp/RtmpkxX6uE/R.INSTALL12c473d9025d6/arrow/tools/cpp/src/arrow/util/cpu_info.cc:181: IOError: sysctlbyname failed for 'hw.l2cachesize'. Detail: [errno 1] Operation not permitted
/Volumes/Temp/tmp/RtmpkxX6uE/R.INSTALL12c473d9025d6/arrow/tools/cpp/src/arrow/util/cpu_info.cc:181: IOError: sysctlbyname failed for 'hw.l3cachesize'. Detail: [errno 1] Operation not permitted

⠏ |         10 | grouping-backends
⠙ |         22 | grouping-backends
⠧ |         48 | grouping-backends
⠹ |         83 | grouping-backends
⠴ |         96 | grouping-backends
⠼ |        115 | grouping-backends
⠧ |        128 | grouping-backends
⠼ |        135 | grouping-backends
⠴ |        146 | grouping-backends
⠋ |        151 | grouping-backends
⠧ |        168 | grouping-backends
⠹ |        173 | grouping-backends
⠏ |        180 | grouping-backends
⠴ |        186 | grouping-backends
⠙ |        192 | grouping-backends
⠏ |        200 | grouping-backends
⠧ |        208 | grouping-backends
⠼ |        215 | grouping-backends
⠙ |        222 | grouping-backends
⠇ |        229 | grouping-backends
⠸ |        234 | grouping-backends
⠏ |        250 | grouping-backends
⠦ |        257 | grouping-backends
⠏ |        260 | grouping-backends
⠸ |        264 | grouping-backends
⠏ |        270 | grouping-backends
⠧ |        278 | grouping-backends
⠧ |        288 | grouping-backends
⠸ |        294 | grouping-backends
⠇ |        309 | grouping-backends
⠴ |        316 | grouping-backends
⠦ |        327 | grouping-backends
⠏ |        330 | grouping-backends
⠸ |        334 | grouping-backends
⠧ |        338 | grouping-backends
⠙ |        342 | grouping-backends
⠴ |        346 | grouping-backends
⠏ |        350 | grouping-backends
⠸ |        354 | grouping-backends
⠧ |        358 | grouping-backends
⠙ |        362 | grouping-backends
⠧ |        368 | grouping-backends
⠇ |        369 | grouping-backends
⠹ |        373 | grouping-backends
⠙ |        382 | grouping-backends
⠼ |        435 | grouping-backends
⠏ |        490 | grouping-backends
⠙ |        542 | grouping-backends
⠙ |        592 | grouping-backends
⠏ |        630 | grouping-backends
⠧ |        658 | grouping-backends
⠴ |        686 | grouping-backends
⠋ |        721 | grouping-backends
⠧ |        748 | grouping-backends
⠸ |        764 | grouping-backends
⠼ |        785 | grouping-backends
⠦ |        797 | grouping-backends
✔ |        816 | grouping-backends [6.7s]

⠏ |          0 | grouping-interface
⠸ |         14 | grouping-interface
⠦ |         47 | grouping-interface
⠴ |         66 | grouping-interface
⠋ |         81 | grouping-interface
⠇ |         89 | grouping-interface
⠦ |        107 | grouping-interface
⠴ |        116 | grouping-interface
⠴ |        136 | grouping-interface
⠇ |        159 | grouping-interface
⠋ |        191 | grouping-interface
⠙ |        242 | grouping-interface
⠼ |        265 | grouping-interface
⠼ |        275 | grouping-interface
⠧ |        278 | grouping-interface
⠸ |        284 | grouping-interface
⠦ |        297 | grouping-interface
⠋ |        301 | grouping-interface
⠹ |        313 | grouping-interface
⠸ |        324 | grouping-interface
⠸ |        344 | grouping-interface
⠙ |        402 | grouping-interface
✔ |        413 | grouping-interface [2.4s]

⠏ |          0 | grouping-plan
⠸ |         54 | grouping-plan
⠏ |         80 | grouping-plan
⠴ |        106 | grouping-plan
⠧ |        128 | grouping-plan
⠙ |        142 | grouping-plan
⠧ |        158 | grouping-plan
⠧ |        168 | grouping-plan
⠼ |        175 | grouping-plan
⠇ |        189 | grouping-plan
⠹ |        193 | grouping-plan
⠴ |        206 | grouping-plan
⠦ |        217 | grouping-plan
⠧ |        238 | grouping-plan
⠸ |        244 | grouping-plan
⠦ |        297 | grouping-plan
⠹ |        343 | grouping-plan
⠧ |        398 | grouping-plan
⠹ |        423 | grouping-plan
⠴ |        436 | grouping-plan
⠹ |        443 | grouping-plan
⠋ |        451 | grouping-plan
⠙ |        492 | grouping-plan
⠴ |        526 | grouping-plan
⠋ |        571 | grouping-plan
⠸ |        614 | grouping-plan
⠧ |        688 | grouping-plan
⠦ |        737 | grouping-plan
⠼ |        775 | grouping-plan
⠦ |        817 | grouping-plan
⠦ |        867 | grouping-plan
⠙ |        912 | grouping-plan
⠹ |        963 | grouping-plan
⠦ |        977 | grouping-plan
⠧ |        988 | grouping-plan
⠦ |        1007 | grouping-plan
⠸ |        1024 | grouping-plan
⠋ |        1041 | grouping-plan
⠏ |        1060 | grouping-plan
⠙ |        1102 | grouping-plan
✔ |        1108 | grouping-plan [4.2s]

⠏ |          0 | inspect-grouping
⠼ |         35 | inspect-grouping
⠹ |         73 | inspect-grouping
⠧ |         88 | inspect-grouping
⠇ |         99 | inspect-grouping
✔ |        101 | inspect-grouping

⠏ |          0 | internal-name-shadowing
⠹ |         23 | internal-name-shadowing
⠸ |         34 | internal-name-shadowing
✔ |         55 | internal-name-shadowing

⠏ |          0 | margin-id
⠇ |         39 | margin-id
⠋ |         61 | margin-id
⠸ |         84 | margin-id
⠧ |         98 | margin-id
⠋ |        111 | margin-id
⠹ |        113 | margin-id
⠧ |        118 | margin-id
✔ |        121 | margin-id

⠏ |          0 | margin-label
⠏ |         30 | margin-label
⠏ |         60 | margin-label
⠴ |         96 | margin-label
⠧ |        128 | margin-label
⠸ |        144 | margin-label
⠸ |        164 | margin-label
⠸ |        184 | margin-label
⠸ |        204 | margin-label
⠼ |        235 | margin-label
⠴ |        266 | margin-label
⠧ |        298 | margin-label
⠴ |        336 | margin-label
⠏ |        340 | margin-label
⠸ |        364 | margin-label
⠧ |        378 | margin-label
⠋ |        391 | margin-label
⠸ |        404 | margin-label
⠦ |        417 | margin-label
⠏ |        430 | margin-label
⠴ |        436 | margin-label
⠼ |        445 | margin-label
⠼ |        465 | margin-label
⠇ |        489 | margin-label
⠧ |        508 | margin-label
⠼ |        525 | margin-label
⠹ |        543 | margin-label
⠋ |        561 | margin-label
⠇ |        579 | margin-label
⠦ |        597 | margin-label
⠼ |        615 | margin-label
⠹ |        633 | margin-label
⠋ |        651 | margin-label
⠇ |        669 | margin-label
⠦ |        687 | margin-label
⠧ |        708 | margin-label
⠙ |        722 | margin-label
⠋ |        731 | margin-label
⠏ |        740 | margin-label
⠹ |        753 | margin-label
⠙ |        792 | margin-label
⠇ |        829 | margin-label
⠇ |        849 | margin-label
✔ |        859 | margin-label [4.8s]

⠏ |          0 | margin-order
⠧ |          8 | margin-order
⠧ |         28 | margin-order
⠋ |         41 | margin-order
⠸ |         54 | margin-order
⠇ |         59 | margin-order
⠸ |         84 | margin-order
⠧ |        108 | margin-order
⠹ |        143 | margin-order
⠼ |        185 | margin-order
⠹ |        213 | margin-order
⠋ |        231 | margin-order
⠇ |        249 | margin-order
⠇ |        269 | margin-order
⠇ |        279 | margin-order
⠴ |        286 | margin-order
⠏ |        290 | margin-order
⠹ |        293 | margin-order
⠏ |        300 | margin-order
⠦ |        307 | margin-order
⠸ |        314 | margin-order
⠋ |        321 | margin-order
⠼ |        325 | margin-order
⠴ |        326 | margin-order
⠸ |        334 | margin-order
⠙ |        342 | margin-order
⠙ |        352 | margin-order
⠇ |        359 | margin-order
⠴ |        366 | margin-order
⠹ |        373 | margin-order
⠏ |        380 | margin-order
⠸ |        384 | margin-order
⠦ |        387 | margin-order
⠙ |        392 | margin-order
⠦ |        397 | margin-order
⠸ |        404 | margin-order
⠦ |        417 | margin-order
⠸ |        434 | margin-order
⠇ |        439 | margin-order
⠴ |        446 | margin-order
⠴ |        456 | margin-order
⠋ |        461 | margin-order
⠹ |        463 | margin-order
⠇ |        469 | margin-order
⠹ |        473 | margin-order
⠇ |        479 | margin-order
⠼ |        485 | margin-order
⠋ |        491 | margin-order
⠦ |        497 | margin-order
⠹ |        503 | margin-order
⠇ |        509 | margin-order
⠼ |        515 | margin-order
⠋ |        521 | margin-order
⠴ |        536 | margin-order
⠋ |        551 | margin-order
⠹ |        563 | margin-order
⠙ |        582 | margin-order
⠏ |        600 | margin-order
✔ |        603 | margin-order [7.5s]

⠏ |          0 | matrix-grouping
⠴ |         56 | matrix-grouping
⠙ |        102 | matrix-grouping
⠧ |        158 | matrix-grouping
⠸ |        194 | matrix-grouping
✔ |        209 | matrix-grouping

⠏ |          0 | metamorphic-margin-semantics
⠴ |          6 | metamorphic-margin-semantics
⠙ |         12 | metamorphic-margin-semantics
⠦ |         17 | metamorphic-margin-semantics
⠏ |         20 | metamorphic-margin-semantics
⠋ |         21 | metamorphic-margin-semantics
⠦ |         27 | metamorphic-margin-semantics
⠇ |         29 | metamorphic-margin-semantics
⠼ |         35 | metamorphic-margin-semantics
⠋ |         41 | metamorphic-margin-semantics
⠦ |         47 | metamorphic-margin-semantics
⠴ |         56 | metamorphic-margin-semantics
⠇ |         59 | metamorphic-margin-semantics
⠙ |         62 | metamorphic-margin-semantics
⠸ |         64 | metamorphic-margin-semantics
⠼ |         65 | metamorphic-margin-semantics
⠴ |         66 | metamorphic-margin-semantics
⠧ |         68 | metamorphic-margin-semantics
⠇ |         69 | metamorphic-margin-semantics
✔ |         69 | metamorphic-margin-semantics [3.5s]

⠏ |          0 | namespace-walk
✔ |          6 | namespace-walk

⠏ |          0 | nest-operation
⠼ |         25 | nest-operation
⠦ |         67 | nest-operation
⠼ |        125 | nest-operation
⠸ |        184 | nest-operation
⠴ |        236 | nest-operation
⠙ |        292 | nest-operation
⠋ |        351 | nest-operation
⠼ |        395 | nest-operation
⠦ |        447 | nest-operation
⠧ |        498 | nest-operation
⠋ |        541 | nest-operation
⠼ |        605 | nest-operation
⠹ |        673 | nest-operation
⠼ |        725 | nest-operation
⠋ |        781 | nest-operation
⠸ |        834 | nest-operation
⠼ |        875 | nest-operation
⠹ |        923 | nest-operation
⠦ |        957 | nest-operation
⠸ |        1004 | nest-operation
⠇ |        1029 | nest-operation
⠴ |        1046 | nest-operation
⠧ |        1058 | nest-operation
⠇ |        1069 | nest-operation
⠙ |        1082 | nest-operation
⠸ |        1094 | nest-operation
⠴ |        1106 | nest-operation
⠧ |        1118 | nest-operation
⠏ |        1130 | nest-operation
⠙ |        1142 | nest-operation
⠹ |        1153 | nest-operation
⠹ |        1163 | nest-operation
⠼ |        1175 | nest-operation
⠦ |        1187 | nest-operation
⠦ |        1207 | nest-operation
⠸ |        1214 | nest-operation
⠧ |        1218 | nest-operation
✔ |        1220 | nest-operation [4.1s]

⠏ |          0 | optional-backends
⠙ |         52 | optional-backends
✔ |         70 | optional-backends

⠏ |          0 | package-metadata
✔ |          2 | package-metadata

⠏ |          0 | packed-grouping
⠋ |         31 | packed-grouping
⠼ |         65 | packed-grouping
✔ |         79 | packed-grouping

⠏ |          0 | pronoun-margin-dimensions
⠙ |         52 | pronoun-margin-dimensions
⠴ |        106 | pronoun-margin-dimensions
⠦ |        157 | pronoun-margin-dimensions
⠦ |        207 | pronoun-margin-dimensions
⠼ |        255 | pronoun-margin-dimensions
⠏ |        310 | pronoun-margin-dimensions
⠙ |        362 | pronoun-margin-dimensions
⠴ |        416 | pronoun-margin-dimensions
⠴ |        466 | pronoun-margin-dimensions
⠸ |        514 | pronoun-margin-dimensions
⠙ |        562 | pronoun-margin-dimensions
⠇ |        609 | pronoun-margin-dimensions
⠇ |        659 | pronoun-margin-dimensions
⠹ |        703 | pronoun-margin-dimensions
⠹ |        743 | pronoun-margin-dimensions
⠇ |        779 | pronoun-margin-dimensions
⠇ |        819 | pronoun-margin-dimensions
⠦ |        857 | pronoun-margin-dimensions
⠦ |        897 | pronoun-margin-dimensions
⠹ |        933 | pronoun-margin-dimensions
⠇ |        969 | pronoun-margin-dimensions
⠧ |        1008 | pronoun-margin-dimensions
⠸ |        1044 | pronoun-margin-dimensions
⠴ |        1096 | pronoun-margin-dimensions
⠏ |        1150 | pronoun-margin-dimensions
⠋ |        1201 | pronoun-margin-dimensions
⠼ |        1245 | pronoun-margin-dimensions
⠸ |        1294 | pronoun-margin-dimensions
⠸ |        1344 | pronoun-margin-dimensions
⠋ |        1401 | pronoun-margin-dimensions
⠙ |        1452 | pronoun-margin-dimensions
⠏ |        1500 | pronoun-margin-dimensions
⠹ |        1543 | pronoun-margin-dimensions
⠹ |        1593 | pronoun-margin-dimensions
⠹ |        1643 | pronoun-margin-dimensions
⠇ |        1689 | pronoun-margin-dimensions
⠼ |        1735 | pronoun-margin-dimensions
⠼ |        1775 | pronoun-margin-dimensions
⠸ |        1814 | pronoun-margin-dimensions
⠋ |        1851 | pronoun-margin-dimensions
⠼ |        1895 | pronoun-margin-dimensions
⠋ |        1941 | pronoun-margin-dimensions
⠹ |        1963 | pronoun-margin-dimensions
⠹ |        2003 | pronoun-margin-dimensions
⠇ |        2039 | pronoun-margin-dimensions
⠦ |        2077 | pronoun-margin-dimensions
⠋ |        2111 | pronoun-margin-dimensions
⠙ |        2162 | pronoun-margin-dimensions
⠋ |        2211 | pronoun-margin-dimensions
⠦ |        2257 | pronoun-margin-dimensions
⠼ |        2305 | pronoun-margin-dimensions
⠏ |        2350 | pronoun-margin-dimensions
⠏ |        2400 | pronoun-margin-dimensions
⠦ |        2457 | pronoun-margin-dimensions
⠋ |        2511 | pronoun-margin-dimensions
⠙ |        2562 | pronoun-margin-dimensions
⠧ |        2608 | pronoun-margin-dimensions
⠦ |        2657 | pronoun-margin-dimensions
⠇ |        2709 | pronoun-margin-dimensions
⠹ |        2763 | pronoun-margin-dimensions
⠋ |        2811 | pronoun-margin-dimensions
⠇ |        2859 | pronoun-margin-dimensions
⠹ |        2903 | pronoun-margin-dimensions
⠦ |        2947 | pronoun-margin-dimensions
⠦ |        2987 | pronoun-margin-dimensions
⠦ |        3027 | pronoun-margin-dimensions
⠹ |        3063 | pronoun-margin-dimensions
⠇ |        3099 | pronoun-margin-dimensions
⠼ |        3135 | pronoun-margin-dimensions
⠋ |        3171 | pronoun-margin-dimensions
⠼ |        3225 | pronoun-margin-dimensions
⠸ |        3274 | pronoun-margin-dimensions
⠇ |        3319 | pronoun-margin-dimensions
⠸ |        3364 | pronoun-margin-dimensions
⠋ |        3411 | pronoun-margin-dimensions
⠦ |        3457 | pronoun-margin-dimensions
⠙ |        3512 | pronoun-margin-dimensions
⠼ |        3565 | pronoun-margin-dimensions
⠏ |        3620 | pronoun-margin-dimensions
⠹ |        3673 | pronoun-margin-dimensions
⠧ |        3728 | pronoun-margin-dimensions
⠹ |        3783 | pronoun-margin-dimensions
⠼ |        3835 | pronoun-margin-dimensions
⠇ |        3879 | pronoun-margin-dimensions
⠇ |        3919 | pronoun-margin-dimensions
⠇ |        3959 | pronoun-margin-dimensions
⠇ |        3999 | pronoun-margin-dimensions
⠏ |        4040 | pronoun-margin-dimensions
⠇ |        4079 | pronoun-margin-dimensions
⠼ |        4115 | pronoun-margin-dimensions
⠦ |        4147 | pronoun-margin-dimensions
⠹ |        4183 | pronoun-margin-dimensions
⠦ |        4217 | pronoun-margin-dimensions
⠋ |        4241 | pronoun-margin-dimensions
⠧ |        4278 | pronoun-margin-dimensions
⠴ |        4316 | pronoun-margin-dimensions
⠦ |        4357 | pronoun-margin-dimensions
⠋ |        4381 | pronoun-margin-dimensions
⠹ |        4403 | pronoun-margin-dimensions
✔ |        4418 | pronoun-margin-dimensions [10.3s]

⠏ |          0 | query-policy
⠙ |          2 | query-policy
⠹ |          3 | query-policy
⠼ |          5 | query-policy
⠦ |          7 | query-policy
⠇ |          9 | query-policy
⠋ |         11 | query-policy
⠹ |         13 | query-policy
⠦ |         17 | query-policy
⠏ |         20 | query-policy
⠴ |         26 | query-policy
⠇ |         29 | query-policy
⠙ |         32 | query-policy
⠴ |         36 | query-policy
⠹ |         43 | query-policy
✔ |         49 | query-policy [2.0s]

⠏ |          0 | retail-sales
✔ |          9 | retail-sales

⠏ |          0 | sent-queries-process
⠋ |          1 | sent-queries-process
⠙ |          2 | sent-queries-process
⠇ |          9 | sent-queries-process
⠏ |         10 | sent-queries-process
⠦ |         17 | sent-queries-process
⠧ |         18 | sent-queries-process
⠸ |         24 | sent-queries-process
⠼ |         25 | sent-queries-process
✔ |         31 | sent-queries-process [3.9s]

⠏ |          0 | sent-queries
⠦ |          7 | sent-queries
⠇ |          9 | sent-queries
⠙ |         22 | sent-queries
⠙ |         32 | sent-queries
⠴ |         36 | sent-queries
⠧ |         38 | sent-queries
⠏ |         40 | sent-queries
⠧ |         48 | sent-queries
⠏ |         50 | sent-queries
⠙ |         52 | sent-queries
⠧ |         58 | sent-queries
⠴ |         66 | sent-queries
⠙ |         82 | sent-queries
⠼ |         85 | sent-queries
⠦ |         87 | sent-queries
⠏ |         90 | sent-queries
⠧ |         98 | sent-queries
⠼ |        125 | sent-queries
✔ |        144 | sent-queries [3.2s]

⠏ |          0 | share-backends
⠏ |         10 | share-backends
⠴ |         26 | share-backends
⠏ |         40 | share-backends
⠋ |         61 | share-backends
⠸ |         64 | share-backends
⠴ |         76 | share-backends
⠇ |         79 | share-backends
⠏ |         80 | share-backends
⠧ |         88 | share-backends
⠇ |         89 | share-backends
⠦ |         97 | share-backends
⠴ |        106 | share-backends
⠼ |        115 | share-backends
⠦ |        117 | share-backends
⠼ |        125 | share-backends
⠸ |        134 | share-backends
⠹ |        143 | share-backends
⠼ |        145 | share-backends
⠹ |        153 | share-backends
⠙ |        162 | share-backends
⠋ |        171 | share-backends
⠹ |        173 | share-backends
⠋ |        181 | share-backends
⠏ |        190 | share-backends
⠇ |        199 | share-backends
⠋ |        201 | share-backends
⠇ |        209 | share-backends
⠧ |        218 | share-backends
⠦ |        227 | share-backends
⠇ |        229 | share-backends
⠦ |        237 | share-backends
⠴ |        246 | share-backends
⠼ |        255 | share-backends
⠦ |        257 | share-backends
⠼ |        265 | share-backends
⠏ |        270 | share-backends
⠼ |        275 | share-backends
⠹ |        283 | share-backends
⠸ |        284 | share-backends
⠙ |        292 | share-backends
⠸ |        294 | share-backends
⠙ |        302 | share-backends
⠏ |        310 | share-backends
⠋ |        311 | share-backends
⠏ |        320 | share-backends
⠹ |        333 | share-backends
⠸ |        344 | share-backends
⠙ |        362 | share-backends
⠏ |        380 | share-backends
⠦ |        397 | share-backends
⠦ |        417 | share-backends
⠹ |        433 | share-backends
⠸ |        444 | share-backends
⠧ |        448 | share-backends
⠧ |        458 | share-backends
⠹ |        463 | share-backends
⠼ |        475 | share-backends
⠴ |        486 | share-backends
⠧ |        498 | share-backends
⠏ |        500 | share-backends
⠹ |        513 | share-backends
⠦ |        527 | share-backends
⠹ |        533 | share-backends
⠋ |        541 | share-backends
⠴ |        546 | share-backends
⠇ |        549 | share-backends
⠹ |        553 | share-backends
⠸ |        554 | share-backends
⠙ |        562 | share-backends
⠦ |        577 | share-backends
⠴ |        586 | share-backends
⠏ |        590 | share-backends
⠼ |        595 | share-backends
⠋ |        601 | share-backends
⠦ |        607 | share-backends
⠹ |        613 | share-backends
⠇ |        619 | share-backends
⠼ |        625 | share-backends
⠋ |        631 | share-backends
⠦ |        637 | share-backends
⠹ |        643 | share-backends
⠇ |        649 | share-backends
⠼ |        655 | share-backends
⠋ |        661 | share-backends
⠦ |        667 | share-backends
⠙ |        672 | share-backends
⠸ |        684 | share-backends
⠋ |        691 | share-backends
⠙ |        692 | share-backends
⠹ |        693 | share-backends
⠴ |        696 | share-backends
⠧ |        698 | share-backends
⠇ |        699 | share-backends
⠏ |        700 | share-backends
⠹ |        703 | share-backends
⠸ |        704 | share-backends
⠴ |        746 | share-backends
⠸ |        754 | share-backends
⠇ |        759 | share-backends
⠙ |        762 | share-backends
⠴ |        766 | share-backends
⠏ |        770 | share-backends
⠸ |        774 | share-backends
⠙ |        782 | share-backends
⠇ |        789 | share-backends
⠙ |        792 | share-backends
⠇ |        799 | share-backends
⠙ |        802 | share-backends
⠹ |        803 | share-backends
⠸ |        804 | share-backends
⠴ |        806 | share-backends
⠇ |        809 | share-backends
⠏ |        810 | share-backends
⠼ |        815 | share-backends
⠋ |        821 | share-backends
⠙ |        822 | share-backends
⠹ |        823 | share-backends
⠸ |        824 | share-backends
⠴ |        826 | share-backends
⠦ |        827 | share-backends
⠧ |        828 | share-backends
⠹ |        833 | share-backends
⠙ |        842 | share-backends
⠸ |        844 | share-backends
⠴ |        846 | share-backends
⠏ |        850 | share-backends
⠴ |        856 | share-backends
⠹ |        863 | share-backends
⠇ |        869 | share-backends
⠼ |        875 | share-backends
⠼ |        885 | share-backends
⠼ |        895 | share-backends
⠼ |        905 | share-backends
⠼ |        915 | share-backends
⠼ |        925 | share-backends
⠼ |        935 | share-backends
⠇ |        939 | share-backends
⠋ |        941 | share-backends
⠙ |        952 | share-backends
⠙ |        972 | share-backends
✔ |        981 | share-backends [22.8s]

⠏ |          0 | share-literals
⠏ |         20 | share-literals
⠙ |         52 | share-literals
⠴ |         76 | share-literals
⠇ |        109 | share-literals
⠇ |        149 | share-literals
✔ |        154 | share-literals

⠏ |          0 | share
⠏ |         20 | share
⠏ |         40 | share
⠋ |         51 | share
⠸ |         74 | share
⠼ |         85 | share
⠹ |        103 | share
⠹ |        113 | share
⠹ |        123 | share
⠸ |        134 | share
⠏ |        150 | share
⠇ |        159 | share
⠸ |        174 | share
⠧ |        188 | share
⠦ |        197 | share
⠙ |        202 | share
⠇ |        209 | share
⠼ |        225 | share
⠦ |        247 | share
⠹ |        263 | share
⠼ |        275 | share
⠹ |        283 | share
⠧ |        298 | share
⠸ |        304 | share
⠋ |        321 | share
⠇ |        329 | share
⠙ |        342 | share
⠏ |        350 | share
⠦ |        367 | share
⠸ |        384 | share
⠋ |        391 | share
⠧ |        398 | share
⠸ |        404 | share
⠇ |        419 | share
⠹ |        433 | share
⠇ |        449 | share
⠦ |        457 | share
⠏ |        480 | share
✔ |        497 | share [4.3s]

⠏ |          0 | sql-env-expansion
⠼ |          5 | sql-env-expansion
⠋ |         11 | sql-env-expansion
⠴ |         16 | sql-env-expansion
⠋ |         21 | sql-env-expansion
⠴ |         26 | sql-env-expansion
⠋ |         31 | sql-env-expansion
⠼ |         35 | sql-env-expansion
⠏ |         40 | sql-env-expansion
⠼ |         45 | sql-env-expansion
⠏ |         50 | sql-env-expansion
⠴ |         56 | sql-env-expansion
⠋ |         61 | sql-env-expansion
⠧ |         68 | sql-env-expansion
⠹ |         73 | sql-env-expansion
⠧ |         78 | sql-env-expansion
⠋ |         81 | sql-env-expansion
⠧ |         88 | sql-env-expansion
⠸ |         94 | sql-env-expansion
⠇ |         99 | sql-env-expansion
⠼ |        105 | sql-env-expansion
⠙ |        112 | sql-env-expansion
⠧ |        118 | sql-env-expansion
⠸ |        124 | sql-env-expansion
⠋ |        131 | sql-env-expansion
⠋ |        141 | sql-env-expansion
⠦ |        147 | sql-env-expansion
✔ |        155 | sql-env-expansion [3.1s]

⠏ |          0 | sql-env-identifier
⠦ |          7 | sql-env-identifier
⠙ |         12 | sql-env-identifier
⠏ |         20 | sql-env-identifier
⠴ |         26 | sql-env-identifier
⠹ |         33 | sql-env-identifier
⠏ |         40 | sql-env-identifier
⠼ |         45 | sql-env-identifier
⠋ |         51 | sql-env-identifier
⠦ |         57 | sql-env-identifier
⠹ |         63 | sql-env-identifier
⠦ |         67 | sql-env-identifier
⠋ |         71 | sql-env-identifier
⠇ |         79 | sql-env-identifier
⠹ |         83 | sql-env-identifier
⠋ |         91 | sql-env-identifier
⠼ |         95 | sql-env-identifier
⠹ |        103 | sql-env-identifier
⠧ |        108 | sql-env-identifier
⠴ |        116 | sql-env-identifier
⠋ |        121 | sql-env-identifier
⠏ |        130 | sql-env-identifier
⠇ |        139 | sql-env-identifier
⠸ |        144 | sql-env-identifier
⠋ |        151 | sql-env-identifier
⠴ |        156 | sql-env-identifier
⠹ |        163 | sql-env-identifier
⠦ |        167 | sql-env-identifier
⠙ |        172 | sql-env-identifier
⠴ |        176 | sql-env-identifier
⠇ |        179 | sql-env-identifier
⠦ |        187 | sql-env-identifier
⠋ |        191 | sql-env-identifier
⠴ |        196 | sql-env-identifier
⠇ |        219 | sql-env-identifier
⠼ |        235 | sql-env-identifier
⠧ |        248 | sql-env-identifier
⠋ |        271 | sql-env-identifier
⠦ |        287 | sql-env-identifier
⠏ |        310 | sql-env-identifier
⠹ |        323 | sql-env-identifier
⠴ |        336 | sql-env-identifier
✔ |        348 | sql-env-identifier [4.9s]

⠏ |          0 | sql-env-keys
⠹ |          3 | sql-env-keys
⠇ |          9 | sql-env-keys
⠸ |         14 | sql-env-keys
⠇ |         19 | sql-env-keys
⠼ |         25 | sql-env-keys
⠋ |         31 | sql-env-keys
⠴ |         36 | sql-env-keys
⠙ |         42 | sql-env-keys
⠦ |         47 | sql-env-keys
⠙ |         52 | sql-env-keys
⠧ |         58 | sql-env-keys
⠸ |         64 | sql-env-keys
⠇ |         69 | sql-env-keys
⠼ |         75 | sql-env-keys
⠙ |         82 | sql-env-keys
⠇ |         89 | sql-env-keys
⠸ |         94 | sql-env-keys
⠇ |         99 | sql-env-keys
⠼ |        105 | sql-env-keys
⠇ |        109 | sql-env-keys
⠸ |        114 | sql-env-keys
⠇ |        119 | sql-env-keys
⠸ |        124 | sql-env-keys
⠏ |        130 | sql-env-keys
⠴ |        136 | sql-env-keys
⠏ |        140 | sql-env-keys
⠴ |        146 | sql-env-keys
⠙ |        152 | sql-env-keys
⠴ |        156 | sql-env-keys
⠙ |        162 | sql-env-keys
⠇ |        169 | sql-env-keys
⠦ |        177 | sql-env-keys
⠸ |        184 | sql-env-keys
⠧ |        188 | sql-env-keys
⠸ |        194 | sql-env-keys
⠇ |        199 | sql-env-keys
⠸ |        204 | sql-env-keys
⠏ |        210 | sql-env-keys
⠼ |        215 | sql-env-keys
⠇ |        219 | sql-env-keys
⠼ |        225 | sql-env-keys
⠇ |        229 | sql-env-keys
⠹ |        233 | sql-env-keys
⠴ |        236 | sql-env-keys
⠏ |        240 | sql-env-keys
⠹ |        243 | sql-env-keys
⠇ |        249 | sql-env-keys
⠸ |        254 | sql-env-keys
⠇ |        259 | sql-env-keys
⠹ |        263 | sql-env-keys
⠧ |        268 | sql-env-keys
⠹ |        273 | sql-env-keys
⠧ |        278 | sql-env-keys
⠙ |        282 | sql-env-keys
⠼ |        285 | sql-env-keys
⠧ |        288 | sql-env-keys
⠙ |        292 | sql-env-keys
⠼ |        295 | sql-env-keys
⠧ |        298 | sql-env-keys
⠏ |        300 | sql-env-keys
✔ |        301 | sql-env-keys [6.9s]

⠏ |          0 | sql-env-share-output
⠙ |          2 | sql-env-share-output
⠸ |          4 | sql-env-share-output
⠴ |          6 | sql-env-share-output
⠇ |          9 | sql-env-share-output
⠋ |         11 | sql-env-share-output
⠹ |         13 | sql-env-share-output
⠼ |         15 | sql-env-share-output
⠦ |         17 | sql-env-share-output
⠇ |         19 | sql-env-share-output
⠋ |         21 | sql-env-share-output
⠹ |         23 | sql-env-share-output
⠼ |         25 | sql-env-share-output
⠦ |         27 | sql-env-share-output
⠇ |         29 | sql-env-share-output
⠋ |         31 | sql-env-share-output
⠹ |         33 | sql-env-share-output
⠼ |         35 | sql-env-share-output
⠦ |         37 | sql-env-share-output
⠇ |         39 | sql-env-share-output
⠙ |         42 | sql-env-share-output
⠼ |         45 | sql-env-share-output
⠦ |         47 | sql-env-share-output
⠇ |         49 | sql-env-share-output
⠋ |         51 | sql-env-share-output
⠹ |         53 | sql-env-share-output
⠼ |         55 | sql-env-share-output
⠦ |         57 | sql-env-share-output
⠇ |         59 | sql-env-share-output
⠋ |         61 | sql-env-share-output
⠹ |         63 | sql-env-share-output
⠼ |         65 | sql-env-share-output
⠦ |         67 | sql-env-share-output
⠏ |         80 | sql-env-share-output
⠙ |         82 | sql-env-share-output
⠼ |         95 | sql-env-share-output
⠧ |         98 | sql-env-share-output
⠋ |        111 | sql-env-share-output
⠸ |        114 | sql-env-share-output
✔ |        126 | sql-env-share-output [5.2s]

⠏ |          0 | sql-env-share-source
⠋ |          1 | sql-env-share-source
⠙ |          2 | sql-env-share-source
⠹ |          3 | sql-env-share-source
⠸ |          4 | sql-env-share-source
⠼ |          5 | sql-env-share-source
⠴ |          6 | sql-env-share-source
⠦ |          7 | sql-env-share-source
⠧ |          8 | sql-env-share-source
⠇ |          9 | sql-env-share-source
⠏ |         10 | sql-env-share-source
⠋ |         11 | sql-env-share-source
⠙ |         12 | sql-env-share-source
⠹ |         13 | sql-env-share-source
⠸ |         14 | sql-env-share-source
⠼ |         15 | sql-env-share-source
⠴ |         16 | sql-env-share-source
⠦ |         17 | sql-env-share-source
⠇ |         19 | sql-env-share-source
⠋ |         21 | sql-env-share-source
⠹ |         23 | sql-env-share-source
⠼ |         25 | sql-env-share-source
⠦ |         27 | sql-env-share-source
⠇ |         29 | sql-env-share-source
⠋ |         31 | sql-env-share-source
⠹ |         33 | sql-env-share-source
⠼ |         35 | sql-env-share-source
⠦ |         37 | sql-env-share-source
⠧ |         38 | sql-env-share-source
⠏ |         40 | sql-env-share-source
⠋ |         41 | sql-env-share-source
⠹ |         43 | sql-env-share-source
⠸ |         44 | sql-env-share-source
⠦ |         47 | sql-env-share-source
⠏ |         50 | sql-env-share-source
⠙ |         52 | sql-env-share-source
✔ |         55 | sql-env-share-source [9.7s]

⠏ |          0 | sql-env-summary-output
⠦ |          7 | sql-env-summary-output
⠙ |         12 | sql-env-summary-output
⠇ |         19 | sql-env-summary-output
⠸ |         24 | sql-env-summary-output
⠏ |         30 | sql-env-summary-output
⠼ |         35 | sql-env-summary-output
⠋ |         41 | sql-env-summary-output
⠴ |         46 | sql-env-summary-output
⠋ |         51 | sql-env-summary-output
⠴ |         56 | sql-env-summary-output
⠋ |         61 | sql-env-summary-output
⠦ |         67 | sql-env-summary-output
⠹ |         73 | sql-env-summary-output
⠇ |         79 | sql-env-summary-output
⠸ |         84 | sql-env-summary-output
⠏ |         90 | sql-env-summary-output
⠼ |         95 | sql-env-summary-output
⠋ |        101 | sql-env-summary-output
⠦ |        107 | sql-env-summary-output
⠹ |        113 | sql-env-summary-output
⠧ |        118 | sql-env-summary-output
⠹ |        123 | sql-env-summary-output
⠋ |        131 | sql-env-summary-output
⠦ |        137 | sql-env-summary-output
⠋ |        141 | sql-env-summary-output
⠴ |        146 | sql-env-summary-output
⠋ |        151 | sql-env-summary-output
⠴ |        156 | sql-env-summary-output
⠹ |        163 | sql-env-summary-output
⠧ |        168 | sql-env-summary-output
⠹ |        173 | sql-env-summary-output
⠦ |        177 | sql-env-summary-output
⠋ |        181 | sql-env-summary-output
⠦ |        187 | sql-env-summary-output
⠙ |        192 | sql-env-summary-output
⠦ |        197 | sql-env-summary-output
⠇ |        209 | sql-env-summary-output
⠦ |        217 | sql-env-summary-output
✔ |        218 | sql-env-summary-output [4.4s]

⠏ |          0 | sql-identifier-equivalence
⠇ |         19 | sql-identifier-equivalence
⠇ |         29 | sql-identifier-equivalence
⠧ |         48 | sql-identifier-equivalence
⠙ |         52 | sql-identifier-equivalence
⠴ |         56 | sql-identifier-equivalence
⠏ |         60 | sql-identifier-equivalence
✔ |         63 | sql-identifier-equivalence

⠏ |          0 | sqlite-b-direct-compute
⠧ |          8 | sqlite-b-direct-compute
⠹ |         23 | sqlite-b-direct-compute
⠧ |         38 | sqlite-b-direct-compute
⠹ |         53 | sqlite-b-direct-compute
⠇ |         59 | sqlite-b-direct-compute
⠸ |         64 | sqlite-b-direct-compute
⠇ |         69 | sqlite-b-direct-compute
⠴ |         76 | sqlite-b-direct-compute
⠹ |         83 | sqlite-b-direct-compute
⠏ |         90 | sqlite-b-direct-compute
⠙ |         92 | sqlite-b-direct-compute
⠴ |         96 | sqlite-b-direct-compute
⠏ |        100 | sqlite-b-direct-compute
⠸ |        104 | sqlite-b-direct-compute
⠧ |        108 | sqlite-b-direct-compute
⠴ |        116 | sqlite-b-direct-compute
⠼ |        125 | sqlite-b-direct-compute
⠼ |        135 | sqlite-b-direct-compute
⠏ |        140 | sqlite-b-direct-compute
⠴ |        146 | sqlite-b-direct-compute
⠋ |        151 | sqlite-b-direct-compute
⠇ |        159 | sqlite-b-direct-compute
⠋ |        161 | sqlite-b-direct-compute
⠹ |        163 | sqlite-b-direct-compute
✔ |        163 | sqlite-b-direct-compute [3.2s]

⠏ |          0 | sqlite-declared-boundary
⠼ |         15 | sqlite-declared-boundary
⠙ |         32 | sqlite-declared-boundary
⠸ |         54 | sqlite-declared-boundary
⠦ |         67 | sqlite-declared-boundary
⠼ |         85 | sqlite-declared-boundary
⠹ |        113 | sqlite-declared-boundary
⠋ |        141 | sqlite-declared-boundary
⠇ |        169 | sqlite-declared-boundary
⠦ |        197 | sqlite-declared-boundary
⠼ |        225 | sqlite-declared-boundary
⠹ |        253 | sqlite-declared-boundary
⠇ |        269 | sqlite-declared-boundary
⠸ |        274 | sqlite-declared-boundary
⠴ |        276 | sqlite-declared-boundary
⠇ |        279 | sqlite-declared-boundary
⠋ |        281 | sqlite-declared-boundary
⠹ |        283 | sqlite-declared-boundary
⠸ |        284 | sqlite-declared-boundary
⠧ |        288 | sqlite-declared-boundary
⠧ |        298 | sqlite-declared-boundary
⠙ |        302 | sqlite-declared-boundary
⠴ |        306 | sqlite-declared-boundary
⠏ |        310 | sqlite-declared-boundary
⠹ |        313 | sqlite-declared-boundary
⠼ |        315 | sqlite-declared-boundary
⠦ |        317 | sqlite-declared-boundary
⠧ |        318 | sqlite-declared-boundary
⠙ |        322 | sqlite-declared-boundary
⠋ |        331 | sqlite-declared-boundary
⠸ |        334 | sqlite-declared-boundary
⠴ |        336 | sqlite-declared-boundary
⠧ |        338 | sqlite-declared-boundary
⠇ |        339 | sqlite-declared-boundary
⠹ |        343 | sqlite-declared-boundary
⠴ |        356 | sqlite-declared-boundary
⠏ |        360 | sqlite-declared-boundary
✔ |        361 | sqlite-declared-boundary [6.1s]

⠏ |          0 | sqlite-empty-declared-types
⠋ |          1 | sqlite-empty-declared-types
⠼ |          5 | sqlite-empty-declared-types
⠹ |         13 | sqlite-empty-declared-types
⠦ |         17 | sqlite-empty-declared-types
⠼ |         25 | sqlite-empty-declared-types
⠇ |         29 | sqlite-empty-declared-types
⠦ |         37 | sqlite-empty-declared-types
⠋ |         41 | sqlite-empty-declared-types
⠇ |         49 | sqlite-empty-declared-types
⠹ |         53 | sqlite-empty-declared-types
⠋ |         61 | sqlite-empty-declared-types
⠼ |         65 | sqlite-empty-declared-types
⠹ |         73 | sqlite-empty-declared-types
⠦ |         77 | sqlite-empty-declared-types
⠼ |         85 | sqlite-empty-declared-types
⠇ |         89 | sqlite-empty-declared-types
⠦ |         97 | sqlite-empty-declared-types
⠋ |        101 | sqlite-empty-declared-types
⠏ |        110 | sqlite-empty-declared-types
⠹ |        113 | sqlite-empty-declared-types
⠸ |        114 | sqlite-empty-declared-types
✔ |        121 | sqlite-empty-declared-types [4.6s]

⠏ |          0 | sqlite-env-keys
⠙ |          2 | sqlite-env-keys
⠦ |          7 | sqlite-env-keys
⠙ |         12 | sqlite-env-keys
⠸ |         14 | sqlite-env-keys
⠴ |         16 | sqlite-env-keys
⠧ |         18 | sqlite-env-keys
⠏ |         20 | sqlite-env-keys
⠙ |         22 | sqlite-env-keys
⠸ |         24 | sqlite-env-keys
⠹ |         33 | sqlite-env-keys
⠙ |         42 | sqlite-env-keys
⠋ |         51 | sqlite-env-keys
⠏ |         60 | sqlite-env-keys
⠇ |         69 | sqlite-env-keys
⠧ |         78 | sqlite-env-keys
⠦ |         87 | sqlite-env-keys
⠴ |         96 | sqlite-env-keys
⠼ |        105 | sqlite-env-keys
⠸ |        114 | sqlite-env-keys
⠧ |        118 | sqlite-env-keys
⠹ |        123 | sqlite-env-keys
⠦ |        127 | sqlite-env-keys
⠴ |        136 | sqlite-env-keys
⠋ |        141 | sqlite-env-keys
⠼ |        145 | sqlite-env-keys
⠏ |        150 | sqlite-env-keys
⠸ |        154 | sqlite-env-keys
⠹ |        163 | sqlite-env-keys
⠧ |        168 | sqlite-env-keys
⠙ |        172 | sqlite-env-keys
⠦ |        177 | sqlite-env-keys
⠋ |        181 | sqlite-env-keys
⠦ |        197 | sqlite-env-keys
⠇ |        219 | sqlite-env-keys
⠙ |        242 | sqlite-env-keys
⠼ |        265 | sqlite-env-keys
⠧ |        288 | sqlite-env-keys
⠋ |        311 | sqlite-env-keys
⠸ |        334 | sqlite-env-keys
⠦ |        357 | sqlite-env-keys
⠏ |        380 | sqlite-env-keys
⠦ |        397 | sqlite-env-keys
⠙ |        402 | sqlite-env-keys
⠴ |        406 | sqlite-env-keys
⠼ |        415 | sqlite-env-keys
⠸ |        424 | sqlite-env-keys
⠇ |        429 | sqlite-env-keys
⠹ |        433 | sqlite-env-keys
⠧ |        438 | sqlite-env-keys
⠙ |        442 | sqlite-env-keys
⠋ |        451 | sqlite-env-keys
⠴ |        456 | sqlite-env-keys
⠏ |        460 | sqlite-env-keys
⠼ |        465 | sqlite-env-keys
⠇ |        469 | sqlite-env-keys
✔ |        473 | sqlite-env-keys [7.3s]

⠏ |          0 | sqlite-env-output
⠸ |          4 | sqlite-env-output
⠧ |          8 | sqlite-env-output
⠙ |         12 | sqlite-env-output
⠸ |         24 | sqlite-env-output
⠸ |         34 | sqlite-env-output
⠦ |         47 | sqlite-env-output
⠦ |         57 | sqlite-env-output
⠦ |         67 | sqlite-env-output
⠦ |         77 | sqlite-env-output
⠦ |         87 | sqlite-env-output
⠦ |         97 | sqlite-env-output
⠸ |        104 | sqlite-env-output
⠙ |        112 | sqlite-env-output
⠦ |        117 | sqlite-env-output
⠙ |        122 | sqlite-env-output
⠦ |        127 | sqlite-env-output
⠸ |        134 | sqlite-env-output
⠙ |        142 | sqlite-env-output
⠦ |        147 | sqlite-env-output
⠸ |        154 | sqlite-env-output
⠙ |        162 | sqlite-env-output
⠙ |        172 | sqlite-env-output
⠦ |        177 | sqlite-env-output
⠙ |        182 | sqlite-env-output
⠦ |        187 | sqlite-env-output
⠹ |        203 | sqlite-env-output
⠧ |        218 | sqlite-env-output
⠏ |        240 | sqlite-env-output
⠸ |        264 | sqlite-env-output
⠧ |        288 | sqlite-env-output
⠙ |        312 | sqlite-env-output
⠴ |        336 | sqlite-env-output
⠏ |        360 | sqlite-env-output
⠸ |        384 | sqlite-env-output
⠧ |        408 | sqlite-env-output
⠧ |        418 | sqlite-env-output
⠹ |        423 | sqlite-env-output
⠏ |        430 | sqlite-env-output
⠧ |        438 | sqlite-env-output
⠹ |        443 | sqlite-env-output
⠧ |        448 | sqlite-env-output
⠹ |        453 | sqlite-env-output
⠧ |        458 | sqlite-env-output
⠹ |        463 | sqlite-env-output
⠏ |        470 | sqlite-env-output
⠧ |        478 | sqlite-env-output
⠹ |        483 | sqlite-env-output
⠧ |        488 | sqlite-env-output
⠹ |        493 | sqlite-env-output
⠇ |        499 | sqlite-env-output
⠧ |        508 | sqlite-env-output
⠸ |        514 | sqlite-env-output
⠏ |        520 | sqlite-env-output
✔ |        525 | sqlite-env-output [6.8s]

⠏ |          0 | sqlite-grouping-helper-types
⠇ |         19 | sqlite-grouping-helper-types
⠦ |         37 | sqlite-grouping-helper-types
⠼ |         45 | sqlite-grouping-helper-types
⠋ |         71 | sqlite-grouping-helper-types
⠙ |         82 | sqlite-grouping-helper-types
⠴ |         96 | sqlite-grouping-helper-types
⠹ |        103 | sqlite-grouping-helper-types
⠼ |        105 | sqlite-grouping-helper-types
⠙ |        112 | sqlite-grouping-helper-types
⠸ |        114 | sqlite-grouping-helper-types
⠋ |        121 | sqlite-grouping-helper-types
⠹ |        123 | sqlite-grouping-helper-types
⠏ |        130 | sqlite-grouping-helper-types
⠙ |        132 | sqlite-grouping-helper-types
⠇ |        139 | sqlite-grouping-helper-types
⠋ |        141 | sqlite-grouping-helper-types
⠧ |        148 | sqlite-grouping-helper-types
⠏ |        150 | sqlite-grouping-helper-types
⠦ |        157 | sqlite-grouping-helper-types
⠇ |        159 | sqlite-grouping-helper-types
⠴ |        166 | sqlite-grouping-helper-types
⠧ |        168 | sqlite-grouping-helper-types
⠼ |        175 | sqlite-grouping-helper-types
⠹ |        183 | sqlite-grouping-helper-types
⠼ |        195 | sqlite-grouping-helper-types
⠋ |        201 | sqlite-grouping-helper-types
✔ |        211 | sqlite-grouping-helper-types [4.4s]

⠏ |          0 | sqlite-typed-order
⠸ |          4 | sqlite-typed-order
⠴ |         16 | sqlite-typed-order
⠹ |         23 | sqlite-typed-order
⠼ |         35 | sqlite-typed-order
⠙ |         42 | sqlite-typed-order
⠼ |         45 | sqlite-typed-order
⠋ |         51 | sqlite-typed-order
⠇ |         59 | sqlite-typed-order
⠦ |         67 | sqlite-typed-order
⠼ |         75 | sqlite-typed-order
⠹ |         83 | sqlite-typed-order
⠋ |         91 | sqlite-typed-order
⠇ |         99 | sqlite-typed-order
⠦ |        107 | sqlite-typed-order
⠼ |        115 | sqlite-typed-order
⠹ |        123 | sqlite-typed-order
⠋ |        131 | sqlite-typed-order
⠇ |        139 | sqlite-typed-order
⠧ |        148 | sqlite-typed-order
⠇ |        159 | sqlite-typed-order
⠋ |        171 | sqlite-typed-order
⠹ |        183 | sqlite-typed-order
⠼ |        195 | sqlite-typed-order
⠦ |        207 | sqlite-typed-order
⠇ |        219 | sqlite-typed-order
⠧ |        228 | sqlite-typed-order
⠇ |        229 | sqlite-typed-order
⠸ |        234 | sqlite-typed-order
⠧ |        238 | sqlite-typed-order
⠙ |        242 | sqlite-typed-order
⠏ |        250 | sqlite-typed-order
⠙ |        252 | sqlite-typed-order
⠦ |        257 | sqlite-typed-order
⠙ |        262 | sqlite-typed-order
⠦ |        267 | sqlite-typed-order
⠙ |        272 | sqlite-typed-order
⠧ |        278 | sqlite-typed-order
⠹ |        283 | sqlite-typed-order
⠙ |        292 | sqlite-typed-order
⠧ |        298 | sqlite-typed-order
⠹ |        303 | sqlite-typed-order
⠧ |        308 | sqlite-typed-order
⠧ |        318 | sqlite-typed-order
⠸ |        324 | sqlite-typed-order
⠏ |        330 | sqlite-typed-order
⠴ |        336 | sqlite-typed-order
⠙ |        342 | sqlite-typed-order
⠸ |        354 | sqlite-typed-order
⠴ |        366 | sqlite-typed-order
⠧ |        378 | sqlite-typed-order
⠏ |        390 | sqlite-typed-order
⠙ |        402 | sqlite-typed-order
⠸ |        414 | sqlite-typed-order
⠙ |        432 | sqlite-typed-order
⠦ |        447 | sqlite-typed-order
⠴ |        456 | sqlite-typed-order
⠹ |        463 | sqlite-typed-order
⠧ |        468 | sqlite-typed-order
⠸ |        474 | sqlite-typed-order
⠏ |        480 | sqlite-typed-order
⠴ |        486 | sqlite-typed-order
⠧ |        498 | sqlite-typed-order
⠏ |        510 | sqlite-typed-order
⠙ |        522 | sqlite-typed-order
⠸ |        534 | sqlite-typed-order
⠴ |        546 | sqlite-typed-order
⠧ |        558 | sqlite-typed-order
⠴ |        576 | sqlite-typed-order
⠇ |        589 | sqlite-typed-order
⠸ |        594 | sqlite-typed-order
⠴ |        606 | sqlite-typed-order
⠙ |        612 | sqlite-typed-order
⠧ |        618 | sqlite-typed-order
⠸ |        624 | sqlite-typed-order
⠏ |        630 | sqlite-typed-order
⠙ |        642 | sqlite-typed-order
⠸ |        654 | sqlite-typed-order
⠴ |        666 | sqlite-typed-order
⠧ |        678 | sqlite-typed-order
⠏ |        690 | sqlite-typed-order
⠙ |        702 | sqlite-typed-order
⠏ |        720 | sqlite-typed-order
⠴ |        736 | sqlite-typed-order
⠸ |        744 | sqlite-typed-order
⠴ |        756 | sqlite-typed-order
⠙ |        762 | sqlite-typed-order
⠧ |        768 | sqlite-typed-order
⠸ |        774 | sqlite-typed-order
⠴ |        786 | sqlite-typed-order
⠧ |        798 | sqlite-typed-order
⠏ |        810 | sqlite-typed-order
⠙ |        822 | sqlite-typed-order
⠸ |        834 | sqlite-typed-order
⠴ |        846 | sqlite-typed-order
⠸ |        864 | sqlite-typed-order
⠴ |        876 | sqlite-typed-order
⠧ |        888 | sqlite-typed-order
⠋ |        891 | sqlite-typed-order
⠴ |        896 | sqlite-typed-order
⠙ |        902 | sqlite-typed-order
⠴ |        906 | sqlite-typed-order
⠹ |        913 | sqlite-typed-order
✔ |        914 | sqlite-typed-order [13.5s]

⠏ |          0 | static-expression-analysis
⠋ |         11 | static-expression-analysis
⠙ |         22 | static-expression-analysis
⠧ |         38 | static-expression-analysis
⠹ |         43 | static-expression-analysis
⠴ |         46 | static-expression-analysis
⠏ |         50 | static-expression-analysis
⠋ |         61 | static-expression-analysis
⠴ |         86 | static-expression-analysis
⠋ |        121 | static-expression-analysis
⠧ |        148 | static-expression-analysis
⠙ |        192 | static-expression-analysis
⠇ |        209 | static-expression-analysis
⠋ |        221 | static-expression-analysis
⠇ |        229 | static-expression-analysis
⠋ |        261 | static-expression-analysis
⠹ |        273 | static-expression-analysis
⠼ |        285 | static-expression-analysis
⠇ |        289 | static-expression-analysis
⠸ |        304 | static-expression-analysis
⠋ |        311 | static-expression-analysis
⠹ |        313 | static-expression-analysis
⠼ |        315 | static-expression-analysis
⠙ |        322 | static-expression-analysis
⠋ |        331 | static-expression-analysis
⠼ |        345 | static-expression-analysis
⠼ |        355 | static-expression-analysis
⠼ |        365 | static-expression-analysis
⠴ |        376 | static-expression-analysis
⠦ |        417 | static-expression-analysis
⠴ |        426 | static-expression-analysis
⠴ |        436 | static-expression-analysis
⠸ |        464 | static-expression-analysis
⠸ |        494 | static-expression-analysis
⠸ |        524 | static-expression-analysis
⠏ |        540 | static-expression-analysis
⠏ |        560 | static-expression-analysis
⠦ |        567 | static-expression-analysis
⠙ |        582 | static-expression-analysis
⠹ |        643 | static-expression-analysis
⠴ |        656 | static-expression-analysis
⠋ |        661 | static-expression-analysis
⠼ |        685 | static-expression-analysis
✔ |        709 | static-expression-analysis [4.9s]

⠏ |          0 | summarize-operation
⠦ |         27 | summarize-operation
⠧ |         48 | summarize-operation
⠴ |         66 | summarize-operation
⠹ |         83 | summarize-operation
⠙ |        102 | summarize-operation
⠴ |        116 | summarize-operation
⠙ |        132 | summarize-operation
⠴ |        146 | summarize-operation
⠧ |        158 | summarize-operation
⠇ |        169 | summarize-operation
✔ |        176 | summarize-operation [1.3s]

⠏ |          0 | unpredictable-summary-names
✔ |          7 | unpredictable-summary-names

⠏ |          0 | utils
⠧ |         28 | utils
⠸ |         44 | utils
⠸ |         54 | utils
⠴ |         66 | utils
⠧ |         78 | utils
✔ |        109 | utils

⠏ |          0 | verb-argument-admission
⠋ |         11 | verb-argument-admission
⠏ |         20 | verb-argument-admission
⠙ |         32 | verb-argument-admission
⠸ |         44 | verb-argument-admission
⠼ |         55 | verb-argument-admission
⠼ |         85 | verb-argument-admission
⠼ |        105 | verb-argument-admission
⠙ |        112 | verb-argument-admission
⠋ |        121 | verb-argument-admission
⠋ |        131 | verb-argument-admission
⠙ |        142 | verb-argument-admission
⠹ |        153 | verb-argument-admission
⠸ |        164 | verb-argument-admission
⠸ |        184 | verb-argument-admission
⠦ |        207 | verb-argument-admission
⠼ |        245 | verb-argument-admission
⠋ |        251 | verb-argument-admission
⠋ |        261 | verb-argument-admission
⠋ |        271 | verb-argument-admission
⠴ |        286 | verb-argument-admission
⠇ |        309 | verb-argument-admission
✔ |        322 | verb-argument-admission [2.6s]

══ Results ═════════════════════════════════════════════════════════════════════
Duration: 231.8 s

[ FAIL 0 | WARN 0 | SKIP 0 | PASS 21741 ]
