* installing *source* package ‘lubridate’ ...
** this is package ‘lubridate’ version ‘1.9.5’
** package ‘lubridate’ successfully unpacked and MD5 sums checked
** using staged installation
** libs
using C compiler: ‘Apple clang version 17.0.0 (clang-1700.6.3.2)’
using SDK: ‘MacOSX26.2.sdk’
clang -arch arm64 -std=gnu2x -I"/private/tmp/marginplyr-minver-kalaij/r45-home/include" -DNDEBUG   -I/opt/R/arm64/include    -fPIC  -falign-functions=64 -Wall -g -O2  -c datetime.c -o datetime.o
clang -arch arm64 -std=gnu2x -I"/private/tmp/marginplyr-minver-kalaij/r45-home/include" -DNDEBUG   -I/opt/R/arm64/include    -fPIC  -falign-functions=64 -Wall -g -O2  -c init.c -o init.o
clang -arch arm64 -std=gnu2x -I"/private/tmp/marginplyr-minver-kalaij/r45-home/include" -DNDEBUG   -I/opt/R/arm64/include    -fPIC  -falign-functions=64 -Wall -g -O2  -c period.c -o period.o
clang -arch arm64 -std=gnu2x -I"/private/tmp/marginplyr-minver-kalaij/r45-home/include" -DNDEBUG   -I/opt/R/arm64/include    -fPIC  -falign-functions=64 -Wall -g -O2  -c tparse.c -o tparse.o
clang -arch arm64 -std=gnu2x -I"/private/tmp/marginplyr-minver-kalaij/r45-home/include" -DNDEBUG   -I/opt/R/arm64/include    -fPIC  -falign-functions=64 -Wall -g -O2  -c utils.c -o utils.o
clang -arch arm64 -std=gnu2x -dynamiclib -Wl,-headerpad_max_install_names -undefined dynamic_lookup -L/private/tmp/marginplyr-minver-kalaij/r45-home/lib -L/opt/R/arm64/lib -o lubridate.so datetime.o init.o period.o tparse.o utils.o -L/Library/Frameworks/R.framework/Versions/4.5-arm64/Resources/lib -lR
installing to /private/tmp/marginplyr-745-20260930/near-lib/00LOCK-lubridate/00new/lubridate/libs
** R
** data
*** moving datasets to lazyload DB
** inst
** byte-compile and prepare package for lazy loading
** help
*** installing help indices
*** copying figures
** building package indices
** installing vignettes
** testing if installed package can be loaded from temporary location
** checking absolute paths in shared objects and dynamic libraries
** testing if installed package can be loaded from final location
** testing if installed package keeps a record of temporary installation path
* DONE (lubridate)
