[1] 0
[1] 0
[1] 0
# A tibble: 11 × 5
   period region store set_id   total
   <chr>  <chr>  <chr>  <int> <int64>
 1 P1     A      x          1       2
 2 P1     A      y          1       3
 3 P1     A      Total      2       5
 4 P1     B      x          1       5
 5 P1     B      Total      2       5
 6 P1     Total  Total      3      10
 7 P2     A      x          1       7
 8 P2     A      Total      2       7
 9 P2     B      <NA>       1      11
10 P2     B      Total      2      11
11 P2     Total  Total      3      18
case: current-r46
 PostgreSQL: PostgreSQL 17.11 (Homebrew) on aarch64-apple-darwin25.6.0, compiled by Apple clang version 21.0.0 (clang-2100.1.1.101), 64-bit
plan rows: 3 columns: set_id,fixed,included,omitted,grouping_bits,grouping_id types: integer,list,list,list,list,integer
# A tibble: 3 × 6
  set_id fixed     included  omitted   grouping_bits grouping_id
   <int> <list>    <list>    <list>    <list>              <int>
1      1 <chr [1]> <chr [2]> <chr [0]> <int [2]>               0
2      2 <chr [1]> <chr [1]> <chr [1]> <int [2]>               1
3      3 <chr [1]> <chr [0]> <chr [2]> <int [2]>               3
summary_collect rows: 11 columns: period,region,store,set_id,total types: character,character,character,integer,double
# A tibble: 11 × 5
   period region store set_id   total
   <chr>  <chr>  <chr>  <int> <int64>
 1 P1     A      x          1       2
 2 P1     A      y          1       3
 3 P1     A      Total      2       5
 4 P1     B      x          1       5
 5 P1     B      Total      2       5
 6 P1     Total  Total      3      10
 7 P2     A      x          1       7
 8 P2     A      Total      2       7
 9 P2     B      <NA>       1      11
10 P2     B      Total      2      11
11 P2     Total  Total      3      18
shares_collect rows: 11 columns: period,region,store,set_id,total,parent,grand types: character,character,character,integer,double,double,double
# A tibble: 11 × 7
   period region store set_id   total parent grand
   <chr>  <chr>  <chr>  <int> <int64>  <dbl> <dbl>
 1 P1     A      x          1       2  0.4   0.2
 2 P1     A      y          1       3  0.6   0.3
 3 P1     A      Total      2       5  0.5   0.5
 4 P1     B      x          1       5  1     0.5
 5 P1     B      Total      2       5  0.5   0.5
 6 P1     Total  Total      3      10  1     1
 7 P2     A      x          1       7  1     0.389
 8 P2     A      Total      2       7  0.389 0.389
 9 P2     B      <NA>       1      11  1     0.611
10 P2     B      Total      2      11  0.611 0.611
11 P2     Total  Total      3      18  1     1
expansion_collect rows: 15 columns: period,region,store,set_id,value types: character,character,character,integer,integer
# A tibble: 15 × 5
   period region store set_id value
   <chr>  <chr>  <chr>  <int> <int>
 1 P1     A      x          1     2
 2 P1     A      y          1     3
 3 P1     A      Total      2     2
 4 P1     A      Total      2     3
 5 P1     B      x          1     5
 6 P1     B      Total      2     5
 7 P1     Total  Total      3     3
 8 P1     Total  Total      3     5
 9 P1     Total  Total      3     2
10 P2     A      x          1     7
11 P2     A      Total      2     7
12 P2     B      <NA>       1    11
13 P2     B      Total      2    11
14 P2     Total  Total      3     7
15 P2     Total  Total      3    11
summary_compute rows: 11 columns: period,region,store,set_id,total types: character,character,character,integer,double
# A tibble: 11 × 5
   period region store set_id   total
   <chr>  <chr>  <chr>  <int> <int64>
 1 P1     A      x          1       2
 2 P1     A      y          1       3
 3 P1     A      Total      2       5
 4 P1     B      x          1       5
 5 P1     B      Total      2       5
 6 P1     Total  Total      3      10
 7 P2     A      x          1       7
 8 P2     A      Total      2       7
 9 P2     B      <NA>       1      11
10 P2     B      Total      2      11
11 P2     Total  Total      3      18
shares_compute rows: 11 columns: period,region,store,set_id,total,parent,grand types: character,character,character,integer,double,double,double
# A tibble: 11 × 7
   period region store set_id   total parent grand
   <chr>  <chr>  <chr>  <int> <int64>  <dbl> <dbl>
 1 P1     A      x          1       2  0.4   0.2
 2 P1     A      y          1       3  0.6   0.3
 3 P1     A      Total      2       5  0.5   0.5
 4 P1     B      x          1       5  1     0.5
 5 P1     B      Total      2       5  0.5   0.5
 6 P1     Total  Total      3      10  1     1
 7 P2     A      x          1       7  1     0.389
 8 P2     A      Total      2       7  0.389 0.389
 9 P2     B      <NA>       1      11  1     0.611
10 P2     B      Total      2      11  0.611 0.611
11 P2     Total  Total      3      18  1     1
expansion_compute rows: 15 columns: period,region,store,set_id,value types: character,character,character,integer,integer
# A tibble: 15 × 5
   period region store set_id value
   <chr>  <chr>  <chr>  <int> <int>
 1 P1     A      x          1     2
 2 P1     A      y          1     3
 3 P1     A      Total      2     2
 4 P1     A      Total      2     3
 5 P1     B      x          1     5
 6 P1     B      Total      2     5
 7 P1     Total  Total      3     3
 8 P1     Total  Total      3     5
 9 P1     Total  Total      3     2
10 P2     A      x          1     7
11 P2     A      Total      2     7
12 P2     B      <NA>       1    11
13 P2     B      Total      2    11
14 P2     Total  Total      3     7
15 P2     Total  Total      3    11
source-row reads after collection and computation: 160
