CASE none qualified transaction= FALSE 
Direct compute() of this SQLite Margin result is temporarily disabled because materialization can write to a different table than requested. Use collect() to retrieve the result until the destination handling has been corrected. 
PASS no staging/write, source preserved, collect and ordinary compute usable
CASE none qualified transaction= TRUE 
Direct compute() of this SQLite Margin result is temporarily disabled because materialization can write to a different table than requested. Use collect() to retrieve the result until the destination handling has been corrected. 
PASS no staging/write, source preserved, collect and ordinary compute usable
CASE none bare transaction= FALSE 
Direct compute() of this SQLite Margin result is temporarily disabled because materialization can write to a different table than requested. Use collect() to retrieve the result until the destination handling has been corrected. 
PASS no staging/write, source preserved, collect and ordinary compute usable
CASE none bare transaction= TRUE 
Direct compute() of this SQLite Margin result is temporarily disabled because materialization can write to a different table than requested. Use collect() to retrieve the result until the destination handling has been corrected. 
PASS no staging/write, source preserved, collect and ordinary compute usable
CASE last qualified transaction= FALSE 
Direct compute() of this SQLite Margin result is temporarily disabled because materialization can write to a different table than requested. Use collect() to retrieve the result until the destination handling has been corrected. 
PASS no staging/write, source preserved, collect and ordinary compute usable
CASE last qualified transaction= TRUE 
Direct compute() of this SQLite Margin result is temporarily disabled because materialization can write to a different table than requested. Use collect() to retrieve the result until the destination handling has been corrected. 
PASS no staging/write, source preserved, collect and ordinary compute usable
CASE last bare transaction= FALSE 
Direct compute() of this SQLite Margin result is temporarily disabled because materialization can write to a different table than requested. Use collect() to retrieve the result until the destination handling has been corrected. 
PASS no staging/write, source preserved, collect and ordinary compute usable
CASE last bare transaction= TRUE 
Direct compute() of this SQLite Margin result is temporarily disabled because materialization can write to a different table than requested. Use collect() to retrieve the result until the destination handling has been corrected. 
PASS no staging/write, source preserved, collect and ordinary compute usable
